Archive member included to satisfy reference by file (symbol)

/home/szy/gcc-arm-none-eabi-7-2017-q4-major/bin/../lib/gcc/arm-none-eabi/7.2.1/thumb/v7e-m/fpv4-sp/hard/libgcc.a(_arm_addsubdf3.o)
                              CMakeFiles/PWM_Capture_f407.elf.dir/application/capture_task.cpp.obj (__aeabi_ui2d)
/home/szy/gcc-arm-none-eabi-7-2017-q4-major/bin/../lib/gcc/arm-none-eabi/7.2.1/thumb/v7e-m/fpv4-sp/hard/libgcc.a(_arm_muldivdf3.o)
                              CMakeFiles/PWM_Capture_f407.elf.dir/application/capture_task.cpp.obj (__aeabi_dmul)
/home/szy/gcc-arm-none-eabi-7-2017-q4-major/bin/../lib/gcc/arm-none-eabi/7.2.1/thumb/v7e-m/fpv4-sp/hard/libgcc.a(_arm_truncdfsf2.o)
                              CMakeFiles/PWM_Capture_f407.elf.dir/application/capture_task.cpp.obj (__aeabi_d2f)
/home/szy/gcc-arm-none-eabi-7-2017-q4-major/bin/../lib/gcc/arm-none-eabi/7.2.1/thumb/v7e-m/fpv4-sp/hard/libgcc.a(_aeabi_uldivmod.o)
                              CMakeFiles/PWM_Capture_f407.elf.dir/Drivers/STM32F4xx_HAL_Driver/Src/stm32f4xx_hal_rcc.c.obj (__aeabi_uldivmod)
/home/szy/gcc-arm-none-eabi-7-2017-q4-major/bin/../lib/gcc/arm-none-eabi/7.2.1/thumb/v7e-m/fpv4-sp/hard/libgcc.a(_udivmoddi4.o)
                              /home/szy/gcc-arm-none-eabi-7-2017-q4-major/bin/../lib/gcc/arm-none-eabi/7.2.1/thumb/v7e-m/fpv4-sp/hard/libgcc.a(_aeabi_uldivmod.o) (__udivmoddi4)
/home/szy/gcc-arm-none-eabi-7-2017-q4-major/bin/../lib/gcc/arm-none-eabi/7.2.1/thumb/v7e-m/fpv4-sp/hard/libgcc.a(unwind-arm.o)
                              CMakeFiles/PWM_Capture_f407.elf.dir/application/capture_task.cpp.obj (__aeabi_unwind_cpp_pr0)
/home/szy/gcc-arm-none-eabi-7-2017-q4-major/bin/../lib/gcc/arm-none-eabi/7.2.1/thumb/v7e-m/fpv4-sp/hard/libgcc.a(libunwind.o)
                              /home/szy/gcc-arm-none-eabi-7-2017-q4-major/bin/../lib/gcc/arm-none-eabi/7.2.1/thumb/v7e-m/fpv4-sp/hard/libgcc.a(unwind-arm.o) (restore_core_regs)
/home/szy/gcc-arm-none-eabi-7-2017-q4-major/bin/../lib/gcc/arm-none-eabi/7.2.1/thumb/v7e-m/fpv4-sp/hard/libgcc.a(pr-support.o)
                              /home/szy/gcc-arm-none-eabi-7-2017-q4-major/bin/../lib/gcc/arm-none-eabi/7.2.1/thumb/v7e-m/fpv4-sp/hard/libgcc.a(unwind-arm.o) (__gnu_unwind_execute)
/home/szy/gcc-arm-none-eabi-7-2017-q4-major/bin/../lib/gcc/arm-none-eabi/7.2.1/thumb/v7e-m/fpv4-sp/hard/libgcc.a(_dvmd_tls.o)
                              /home/szy/gcc-arm-none-eabi-7-2017-q4-major/bin/../lib/gcc/arm-none-eabi/7.2.1/thumb/v7e-m/fpv4-sp/hard/libgcc.a(_aeabi_uldivmod.o) (__aeabi_ldiv0)
/home/szy/gcc-arm-none-eabi-7-2017-q4-major/bin/../lib/gcc/arm-none-eabi/7.2.1/../../../../arm-none-eabi/lib/thumb/v7e-m/fpv4-sp/hard/libg.a(lib_a-abort.o)
                              /home/szy/gcc-arm-none-eabi-7-2017-q4-major/bin/../lib/gcc/arm-none-eabi/7.2.1/thumb/v7e-m/fpv4-sp/hard/libgcc.a(unwind-arm.o) (abort)
/home/szy/gcc-arm-none-eabi-7-2017-q4-major/bin/../lib/gcc/arm-none-eabi/7.2.1/../../../../arm-none-eabi/lib/thumb/v7e-m/fpv4-sp/hard/libg.a(lib_a-errno.o)
                              CMakeFiles/PWM_Capture_f407.elf.dir/Src/syscalls.c.obj (__errno)
/home/szy/gcc-arm-none-eabi-7-2017-q4-major/bin/../lib/gcc/arm-none-eabi/7.2.1/../../../../arm-none-eabi/lib/thumb/v7e-m/fpv4-sp/hard/libg.a(lib_a-exit.o)
                              /home/szy/gcc-arm-none-eabi-7-2017-q4-major/bin/../lib/gcc/arm-none-eabi/7.2.1/../../../../arm-none-eabi/lib/thumb/v7e-m/fpv4-sp/hard/crt0.o (exit)
/home/szy/gcc-arm-none-eabi-7-2017-q4-major/bin/../lib/gcc/arm-none-eabi/7.2.1/../../../../arm-none-eabi/lib/thumb/v7e-m/fpv4-sp/hard/libg.a(lib_a-impure.o)
                              /home/szy/gcc-arm-none-eabi-7-2017-q4-major/bin/../lib/gcc/arm-none-eabi/7.2.1/../../../../arm-none-eabi/lib/thumb/v7e-m/fpv4-sp/hard/libg.a(lib_a-exit.o) (_global_impure_ptr)
/home/szy/gcc-arm-none-eabi-7-2017-q4-major/bin/../lib/gcc/arm-none-eabi/7.2.1/../../../../arm-none-eabi/lib/thumb/v7e-m/fpv4-sp/hard/libg.a(lib_a-init.o)
                              /home/szy/gcc-arm-none-eabi-7-2017-q4-major/bin/../lib/gcc/arm-none-eabi/7.2.1/../../../../arm-none-eabi/lib/thumb/v7e-m/fpv4-sp/hard/crt0.o (__libc_init_array)
/home/szy/gcc-arm-none-eabi-7-2017-q4-major/bin/../lib/gcc/arm-none-eabi/7.2.1/../../../../arm-none-eabi/lib/thumb/v7e-m/fpv4-sp/hard/libg.a(lib_a-memcpy.o)
                              CMakeFiles/PWM_Capture_f407.elf.dir/Middlewares/Third_Party/FreeRTOS/Source/queue.c.obj (memcpy)
/home/szy/gcc-arm-none-eabi-7-2017-q4-major/bin/../lib/gcc/arm-none-eabi/7.2.1/../../../../arm-none-eabi/lib/thumb/v7e-m/fpv4-sp/hard/libg.a(lib_a-memset.o)
                              /home/szy/gcc-arm-none-eabi-7-2017-q4-major/bin/../lib/gcc/arm-none-eabi/7.2.1/../../../../arm-none-eabi/lib/thumb/v7e-m/fpv4-sp/hard/crt0.o (memset)
/home/szy/gcc-arm-none-eabi-7-2017-q4-major/bin/../lib/gcc/arm-none-eabi/7.2.1/../../../../arm-none-eabi/lib/thumb/v7e-m/fpv4-sp/hard/libg.a(lib_a-signal.o)
[...]
Memory Configuration

Name             Origin             Length             Attributes
CCMRAM           0x0000000010000000 0x0000000000010000 xrw
RAM              0x0000000020000000 0x0000000000020000 xrw
FLASH            0x0000000008000000 0x0000000000100000 xr
*default*        0x0000000000000000 0xffffffffffffffff

Linker script and memory map

LOAD /home/szy/gcc-arm-none-eabi-7-2017-q4-major/bin/../lib/gcc/arm-none-eabi/7.2.1/thumb/v7e-m/fpv4-sp/hard/crti.o
LOAD /home/szy/gcc-arm-none-eabi-7-2017-q4-major/bin/../lib/gcc/arm-none-eabi/7.2.1/thumb/v7e-m/fpv4-sp/hard/crtbegin.o
LOAD /home/szy/gcc-arm-none-eabi-7-2017-q4-major/bin/../lib/gcc/arm-none-eabi/7.2.1/../../../../arm-none-eabi/lib/thumb/v7e-m/fpv4-sp/hard/crt0.o
LOAD CMakeFiles/PWM_Capture_f407.elf.dir/Drivers/STM32F4xx_HAL_Driver/Src/stm32f4xx_hal.c.obj
LOAD CMakeFiles/PWM_Capture_f407.elf.dir/Drivers/STM32F4xx_HAL_Driver/Src/stm32f4xx_hal_cortex.c.obj
LOAD CMakeFiles/PWM_Capture_f407.elf.dir/Drivers/STM32F4xx_HAL_Driver/Src/stm32f4xx_hal_dma.c.obj
LOAD CMakeFiles/PWM_Capture_f407.elf.dir/Drivers/STM32F4xx_HAL_Driver/Src/stm32f4xx_hal_dma_ex.c.obj
LOAD CMakeFiles/PWM_Capture_f407.elf.dir/Drivers/STM32F4xx_HAL_Driver/Src/stm32f4xx_hal_exti.c.obj
LOAD CMakeFiles/PWM_Capture_f407.elf.dir/Drivers/STM32F4xx_HAL_Driver/Src/stm32f4xx_hal_flash.c.obj
LOAD CMakeFiles/PWM_Capture_f407.elf.dir/Drivers/STM32F4xx_HAL_Driver/Src/stm32f4xx_hal_flash_ex.c.obj
LOAD CMakeFiles/PWM_Capture_f407.elf.dir/Drivers/STM32F4xx_HAL_Driver/Src/stm32f4xx_hal_flash_ramfunc.c.obj
LOAD CMakeFiles/PWM_Capture_f407.elf.dir/Drivers/STM32F4xx_HAL_Driver/Src/stm32f4xx_hal_gpio.c.obj
LOAD CMakeFiles/PWM_Capture_f407.elf.dir/Drivers/STM32F4xx_HAL_Driver/Src/stm32f4xx_hal_pwr.c.obj
LOAD CMakeFiles/PWM_Capture_f407.elf.dir/Drivers/STM32F4xx_HAL_Driver/Src/stm32f4xx_hal_pwr_ex.c.obj
LOAD CMakeFiles/PWM_Capture_f407.elf.dir/Drivers/STM32F4xx_HAL_Driver/Src/stm32f4xx_hal_rcc.c.obj
LOAD CMakeFiles/PWM_Capture_f407.elf.dir/Drivers/STM32F4xx_HAL_Driver/Src/stm32f4xx_hal_rcc_ex.c.obj
LOAD CMakeFiles/PWM_Capture_f407.elf.dir/Drivers/STM32F4xx_HAL_Driver/Src/stm32f4xx_hal_tim.c.obj
LOAD CMakeFiles/PWM_Capture_f407.elf.dir/Drivers/STM32F4xx_HAL_Driver/Src/stm32f4xx_hal_tim_ex.c.obj
LOAD CMakeFiles/PWM_Capture_f407.elf.dir/Drivers/STM32F4xx_HAL_Driver/Src/stm32f4xx_hal_uart.c.obj
LOAD CMakeFiles/PWM_Capture_f407.elf.dir/Middlewares/Third_Party/FreeRTOS/Source/CMSIS_RTOS/cmsis_os.c.obj
LOAD CMakeFiles/PWM_Capture_f407.elf.dir/Middlewares/Third_Party/FreeRTOS/Source/croutine.c.obj
LOAD CMakeFiles/PWM_Capture_f407.elf.dir/Middlewares/Third_Party/FreeRTOS/Source/event_groups.c.obj
LOAD CMakeFiles/PWM_Capture_f407.elf.dir/Middlewares/Third_Party/FreeRTOS/Source/list.c.obj
LOAD CMakeFiles/PWM_Capture_f407.elf.dir/Middlewares/Third_Party/FreeRTOS/Source/portable/GCC/ARM_CM4F/port.c.obj
LOAD CMakeFiles/PWM_Capture_f407.elf.dir/Middlewares/Third_Party/FreeRTOS/Source/portable/MemMang/heap_4.c.obj
LOAD CMakeFiles/PWM_Capture_f407.elf.dir/Middlewares/Third_Party/FreeRTOS/Source/queue.c.obj
LOAD CMakeFiles/PWM_Capture_f407.elf.dir/Middlewares/Third_Party/FreeRTOS/Source/stream_buffer.c.obj
LOAD CMakeFiles/PWM_Capture_f407.elf.dir/Middlewares/Third_Party/FreeRTOS/Source/tasks.c.obj
LOAD CMakeFiles/PWM_Capture_f407.elf.dir/Middlewares/Third_Party/FreeRTOS/Source/timers.c.obj
LOAD CMakeFiles/PWM_Capture_f407.elf.dir/Src/dma.c.obj
LOAD CMakeFiles/PWM_Capture_f407.elf.dir/Src/freertos.c.obj
LOAD CMakeFiles/PWM_Capture_f407.elf.dir/Src/gpio.c.obj
LOAD CMakeFiles/PWM_Capture_f407.elf.dir/Src/main.c.obj
LOAD CMakeFiles/PWM_Capture_f407.elf.dir/Src/stm32f4xx_hal_msp.c.obj
LOAD CMakeFiles/PWM_Capture_f407.elf.dir/Src/stm32f4xx_hal_timebase_tim.c.obj
LOAD CMakeFiles/PWM_Capture_f407.elf.dir/Src/stm32f4xx_it.c.obj
LOAD CMakeFiles/PWM_Capture_f407.elf.dir/Src/syscalls.c.obj
LOAD CMakeFiles/PWM_Capture_f407.elf.dir/Src/sysmem.c.obj
LOAD CMakeFiles/PWM_Capture_f407.elf.dir/Src/system_stm32f4xx.c.obj
LOAD CMakeFiles/PWM_Capture_f407.elf.dir/Src/tim.c.obj
LOAD CMakeFiles/PWM_Capture_f407.elf.dir/Src/usart.c.obj
LOAD CMakeFiles/PWM_Capture_f407.elf.dir/Startup/startup_stm32f407ighx.s.obj
LOAD CMakeFiles/PWM_Capture_f407.elf.dir/application/capture_task.cpp.obj
LOAD /home/szy/gcc-arm-none-eabi-7-2017-q4-major/bin/../lib/gcc/arm-none-eabi/7.2.1/../../../../arm-none-eabi/lib/thumb/v7e-m/fpv4-sp/hard/libstdc++.a
LOAD /home/szy/gcc-arm-none-eabi-7-2017-q4-major/bin/../lib/gcc/arm-none-eabi/7.2.1/../../../../arm-none-eabi/lib/thumb/v7e-m/fpv4-sp/hard/libm.a
START GROUP
LOAD /home/szy/gcc-arm-none-eabi-7-2017-q4-major/bin/../lib/gcc/arm-none-eabi/7.2.1/thumb/v7e-m/fpv4-sp/hard/libgcc.a
LOAD /home/szy/gcc-arm-none-eabi-7-2017-q4-major/bin/../lib/gcc/arm-none-eabi/7.2.1/../../../../arm-none-eabi/lib/thumb/v7e-m/fpv4-sp/hard/libg.a
LOAD /home/szy/gcc-arm-none-eabi-7-2017-q4-major/bin/../lib/gcc/arm-none-eabi/7.2.1/../../../../arm-none-eabi/lib/thumb/v7e-m/fpv4-sp/hard/libc.a
END GROUP
LOAD /home/szy/gcc-arm-none-eabi-7-2017-q4-major/bin/../lib/gcc/arm-none-eabi/7.2.1/thumb/v7e-m/fpv4-sp/hard/crtend.o
LOAD /home/szy/gcc-arm-none-eabi-7-2017-q4-major/bin/../lib/gcc/arm-none-eabi/7.2.1/thumb/v7e-m/fpv4-sp/hard/crtn.o
                0x0000000020020000                _estack = (ORIGIN (RAM) + LENGTH (RAM))
                0x0000000000000200                _Min_Heap_Size = 0x200
                0x0000000000000400                _Min_Stack_Size = 0x400

.isr_vector     0x0000000008000000      0x188
                0x0000000008000000                . = ALIGN (0x4)
 *(.isr_vector)
 .isr_vector    0x0000000008000000      0x188 CMakeFiles/PWM_Capture_f407.elf.dir/Startup/startup_stm32f407ighx.s.obj
                0x0000000008000000                g_pfnVectors
                0x0000000008000188                . = ALIGN (0x4)

.text           0x0000000008000190     0x544c
                0x0000000008000190                . = ALIGN (0x4)
 *(.text)
 .text          0x0000000008000190       0x40 /home/szy/gcc-arm-none-eabi-7-2017-q4-major/bin/../lib/gcc/arm-none-eabi/7.2.1/thumb/v7e-m/fpv4-sp/hard/crtbegin.o
 .text          0x00000000080001d0      0x378 /home/szy/gcc-arm-none-eabi-7-2017-q4-major/bin/../lib/gcc/arm-none-eabi/7.2.1/thumb/v7e-m/fpv4-sp/hard/libgcc.a(_arm_addsubdf3.o)
                0x00000000080001d0                __aeabi_drsub
                0x00000000080001d8                __aeabi_dsub
                0x00000000080001d8                __subdf3
                0x00000000080001dc                __adddf3
                0x00000000080001dc                __aeabi_dadd
                0x0000000008000454                __aeabi_ui2d
                0x0000000008000454                __floatunsidf
                0x0000000008000474                __floatsidf
                0x0000000008000474                __aeabi_i2d
                0x0000000008000498                __extendsfdf2
                0x0000000008000498                __aeabi_f2d
                0x00000000080004dc                __aeabi_ul2d
                0x00000000080004dc                __floatundidf
                0x00000000080004ec                __floatdidf
                0x00000000080004ec                __aeabi_l2d
 .text          0x0000000008000548      0x424 /home/szy/gcc-arm-none-eabi-7-2017-q4-major/bin/../lib/gcc/arm-none-eabi/7.2.1/thumb/v7e-m/fpv4-sp/hard/libgcc.a(_arm_muldivdf3.o)
                0x0000000008000548                __aeabi_dmul
                0x0000000008000548                __muldf3
                0x000000000800079c                __aeabi_ddiv
                0x000000000800079c                __divdf3
 .text          0x000000000800096c       0xa0 /home/szy/gcc-arm-none-eabi-7-2017-q4-major/bin/../lib/gcc/arm-none-eabi/7.2.1/thumb/v7e-m/fpv4-sp/hard/libgcc.a(_arm_truncdfsf2.o)
                0x000000000800096c                __aeabi_d2f
                0x000000000800096c                __truncdfsf2
 .text          0x0000000008000a0c       0x30 /home/szy/gcc-arm-none-eabi-7-2017-q4-major/bin/../lib/gcc/arm-none-eabi/7.2.1/thumb/v7e-m/fpv4-sp/hard/libgcc.a(_aeabi_uldivmod.o)
                0x0000000008000a0c                __aeabi_uldivmod
 .text          0x0000000008000a3c      0x2cc /home/szy/gcc-arm-none-eabi-7-2017-q4-major/bin/../lib/gcc/arm-none-eabi/7.2.1/thumb/v7e-m/fpv4-sp/hard/libgcc.a(_udivmoddi4.o)
                0x0000000008000a3c                __udivmoddi4
 .text          0x0000000008000d08      0x9ec /home/szy/gcc-arm-none-eabi-7-2017-q4-major/bin/../lib/gcc/arm-none-eabi/7.2.1/thumb/v7e-m/fpv4-sp/hard/libgcc.a(unwind-arm.o)
                0x0000000008000fbc                _Unwind_GetCFA
                0x0000000008000fc0                __gnu_Unwind_RaiseException
                0x0000000008001020                __gnu_Unwind_ForcedUnwind
                0x0000000008001034                __gnu_Unwind_Resume
                0x0000000008001078                __gnu_Unwind_Resume_or_Rethrow
                0x0000000008001088                _Unwind_Complete
                0x000000000800108c                _Unwind_DeleteException
                0x0000000008001098                _Unwind_VRS_Get
                0x00000000080010dc                _Unwind_VRS_Set
                0x0000000008001124                __gnu_Unwind_Backtrace
                0x0000000008001468                __aeabi_unwind_cpp_pr0
                0x000000000800146c                __aeabi_unwind_cpp_pr1
                0x0000000008001470                __aeabi_unwind_cpp_pr2
                0x0000000008001474                _Unwind_VRS_Pop
 .text          0x00000000080016f4      0x1ac /home/szy/gcc-arm-none-eabi-7-2017-q4-major/bin/../lib/gcc/arm-none-eabi/7.2.1/thumb/v7e-m/fpv4-sp/hard/libgcc.a(libunwind.o)
                0x00000000080016f4                __restore_core_regs
                0x00000000080016f4                restore_core_regs
                0x000000000800170c                __gnu_Unwind_Restore_VFP
                0x0000000008001714                __gnu_Unwind_Save_VFP
                0x000000000800171c                __gnu_Unwind_Restore_VFP_D
                0x0000000008001724                __gnu_Unwind_Save_VFP_D
                0x000000000800172c                __gnu_Unwind_Restore_VFP_D_16_to_31
                0x0000000008001734                __gnu_Unwind_Save_VFP_D_16_to_31
                0x000000000800173c                __gnu_Unwind_Restore_WMMXD
                0x0000000008001780                __gnu_Unwind_Save_WMMXD
                0x00000000080017c4                __gnu_Unwind_Restore_WMMXC
                0x00000000080017d8                __gnu_Unwind_Save_WMMXC
                0x00000000080017ec                ___Unwind_RaiseException
                0x00000000080017ec                _Unwind_RaiseException
                0x0000000008001810                ___Unwind_Resume
                0x0000000008001810                _Unwind_Resume
                0x0000000008001834                _Unwind_Resume_or_Rethrow
                0x0000000008001834                ___Unwind_Resume_or_Rethrow
                0x0000000008001858                ___Unwind_ForcedUnwind
                0x0000000008001858                _Unwind_ForcedUnwind
                0x000000000800187c                _Unwind_Backtrace
                0x000000000800187c                ___Unwind_Backtrace
 .text          0x00000000080018a0      0x374 /home/szy/gcc-arm-none-eabi-7-2017-q4-major/bin/../lib/gcc/arm-none-eabi/7.2.1/thumb/v7e-m/fpv4-sp/hard/libgcc.a(pr-support.o)
                0x00000000080018f8                __gnu_unwind_execute
                0x0000000008001bbc                __gnu_unwind_frame
                0x0000000008001be4                _Unwind_GetRegionStart
                0x0000000008001bf0                _Unwind_GetLanguageSpecificData
                0x0000000008001c04                _Unwind_GetDataRelBase
                0x0000000008001c0c                _Unwind_GetTextRelBase
 .text          0x0000000008001c14        0x4 /home/szy/gcc-arm-none-eabi-7-2017-q4-major/bin/../lib/gcc/arm-none-eabi/7.2.1/thumb/v7e-m/fpv4-sp/hard/libgcc.a(_dvmd_tls.o)
                0x0000000008001c14                __aeabi_ldiv0
                0x0000000008001c14                __aeabi_idiv0
 .text          0x0000000008001c18      0x134 /home/szy/gcc-arm-none-eabi-7-2017-q4-major/bin/../lib/gcc/arm-none-eabi/7.2.1/../../../../arm-none-eabi/lib/thumb/v7e-m/fpv4-sp/hard/libg.a(lib_a-memcpy.o)
                0x0000000008001c18                memcpy
 *(.text*)
 .text.HAL_Init
                0x0000000008001d4c       0x34 CMakeFiles/PWM_Capture_f407.elf.dir/Drivers/STM32F4xx_HAL_Driver/Src/stm32f4xx_hal.c.obj
                0x0000000008001d4c                HAL_Init
 .text.HAL_IncTick
                0x0000000008001d80       0x18 CMakeFiles/PWM_Capture_f407.elf.dir/Drivers/STM32F4xx_HAL_Driver/Src/stm32f4xx_hal.c.obj
                0x0000000008001d80                HAL_IncTick
 .text.HAL_GetTick
                0x0000000008001d98        0xc CMakeFiles/PWM_Capture_f407.elf.dir/Drivers/STM32F4xx_HAL_Driver/Src/stm32f4xx_hal.c.obj
                0x0000000008001d98                HAL_GetTick
 .text.HAL_NVIC_SetPriorityGrouping
                0x0000000008001da4       0x24 CMakeFiles/PWM_Capture_f407.elf.dir/Drivers/STM32F4xx_HAL_Driver/Src/stm32f4xx_hal_cortex.c.obj
                0x0000000008001da4                HAL_NVIC_SetPriorityGrouping
 .text.HAL_NVIC_SetPriority
                0x0000000008001dc8       0x68 CMakeFiles/PWM_Capture_f407.elf.dir/Drivers/STM32F4xx_HAL_Driver/Src/stm32f4xx_hal_cortex.c.obj
                0x0000000008001dc8                HAL_NVIC_SetPriority
 .text.HAL_NVIC_EnableIRQ
                0x0000000008001e30       0x1c CMakeFiles/PWM_Capture_f407.elf.dir/Drivers/STM32F4xx_HAL_Driver/Src/stm32f4xx_hal_cortex.c.obj
                0x0000000008001e30                HAL_NVIC_EnableIRQ
 .text.DMA_SetConfig
                0x0000000008001e4c       0x2c CMakeFiles/PWM_Capture_f407.elf.dir/Drivers/STM32F4xx_HAL_Driver/Src/stm32f4xx_hal_dma.c.obj
 .text.DMA_CalcBaseAndBitshift
                0x0000000008001e78       0x3c CMakeFiles/PWM_Capture_f407.elf.dir/Drivers/STM32F4xx_HAL_Driver/Src/stm32f4xx_hal_dma.c.obj
 .text.DMA_CheckFifoParam
                0x0000000008001eb4       0x8e CMakeFiles/PWM_Capture_f407.elf.dir/Drivers/STM32F4xx_HAL_Driver/Src/stm32f4xx_hal_dma.c.obj
 *fill*         0x0000000008001f42        0x2 
 .text.HAL_DMA_Init
                0x0000000008001f44       0xcc CMakeFiles/PWM_Capture_f407.elf.dir/Drivers/STM32F4xx_HAL_Driver/Src/stm32f4xx_hal_dma.c.obj
                0x0000000008001f44                HAL_DMA_Init
 .text.HAL_DMA_Start_IT
                0x0000000008002010       0x6a CMakeFiles/PWM_Capture_f407.elf.dir/Drivers/STM32F4xx_HAL_Driver/Src/stm32f4xx_hal_dma.c.obj
                0x0000000008002010                HAL_DMA_Start_IT
 .text.HAL_DMA_Abort
                0x000000000800207a       0x94 CMakeFiles/PWM_Capture_f407.elf.dir/Drivers/STM32F4xx_HAL_Driver/Src/stm32f4xx_hal_dma.c.obj
                0x000000000800207a                HAL_DMA_Abort
 .text.HAL_DMA_Abort_IT
                0x000000000800210e       0x26 CMakeFiles/PWM_Capture_f407.elf.dir/Drivers/STM32F4xx_HAL_Driver/Src/stm32f4xx_hal_dma.c.obj
                0x000000000800210e                HAL_DMA_Abort_IT
 .text.HAL_DMA_IRQHandler
                0x0000000008002134      0x1dc CMakeFiles/PWM_Capture_f407.elf.dir/Drivers/STM32F4xx_HAL_Driver/Src/stm32f4xx_hal_dma.c.obj
                0x0000000008002134                HAL_DMA_IRQHandler
 .text.HAL_GPIO_Init
                0x0000000008002310      0x1d4 CMakeFiles/PWM_Capture_f407.elf.dir/Drivers/STM32F4xx_HAL_Driver/Src/stm32f4xx_hal_gpio.c.obj
                0x0000000008002310                HAL_GPIO_Init
 .text.HAL_GPIO_WritePin
                0x00000000080024e4        0xc CMakeFiles/PWM_Capture_f407.elf.dir/Drivers/STM32F4xx_HAL_Driver/Src/stm32f4xx_hal_gpio.c.obj
                0x00000000080024e4                HAL_GPIO_WritePin
 .text.HAL_GPIO_TogglePin
                0x00000000080024f0       0x12 CMakeFiles/PWM_Capture_f407.elf.dir/Drivers/STM32F4xx_HAL_Driver/Src/stm32f4xx_hal_gpio.c.obj
                0x00000000080024f0                HAL_GPIO_TogglePin
 *fill*         0x0000000008002502        0x2 
 .text.HAL_RCC_OscConfig
                0x0000000008002504      0x3f8 CMakeFiles/PWM_Capture_f407.elf.dir/Drivers/STM32F4xx_HAL_Driver/Src/stm32f4xx_hal_rcc.c.obj
                0x0000000008002504                HAL_RCC_OscConfig
 .text.HAL_RCC_GetSysClockFreq
                0x00000000080028fc       0xa8 CMakeFiles/PWM_Capture_f407.elf.dir/Drivers/STM32F4xx_HAL_Driver/Src/stm32f4xx_hal_rcc.c.obj
                0x00000000080028fc                HAL_RCC_GetSysClockFreq
 .text.HAL_RCC_ClockConfig
                0x00000000080029a4      0x160 CMakeFiles/PWM_Capture_f407.elf.dir/Drivers/STM32F4xx_HAL_Driver/Src/stm32f4xx_hal_rcc.c.obj
                0x00000000080029a4                HAL_RCC_ClockConfig
 .text.HAL_RCC_GetHCLKFreq
                0x0000000008002b04        0xc CMakeFiles/PWM_Capture_f407.elf.dir/Drivers/STM32F4xx_HAL_Driver/Src/stm32f4xx_hal_rcc.c.obj
                0x0000000008002b04                HAL_RCC_GetHCLKFreq
 .text.HAL_RCC_GetPCLK1Freq
                0x0000000008002b10       0x20 CMakeFiles/PWM_Capture_f407.elf.dir/Drivers/STM32F4xx_HAL_Driver/Src/stm32f4xx_hal_rcc.c.obj
                0x0000000008002b10                HAL_RCC_GetPCLK1Freq
 .text.HAL_RCC_GetPCLK2Freq
                0x0000000008002b30       0x20 CMakeFiles/PWM_Capture_f407.elf.dir/Drivers/STM32F4xx_HAL_Driver/Src/stm32f4xx_hal_rcc.c.obj
                0x0000000008002b30                HAL_RCC_GetPCLK2Freq
 .text.HAL_RCC_GetClockConfig
                0x0000000008002b50       0x3c CMakeFiles/PWM_Capture_f407.elf.dir/Drivers/STM32F4xx_HAL_Driver/Src/stm32f4xx_hal_rcc.c.obj
                0x0000000008002b50                HAL_RCC_GetClockConfig
 .text.TIM_TI1_ConfigInputStage
                0x0000000008002b8c       0x26 CMakeFiles/PWM_Capture_f407.elf.dir/Drivers/STM32F4xx_HAL_Driver/Src/stm32f4xx_hal_tim.c.obj
 .text.TIM_TI2_SetConfig
                0x0000000008002bb2       0x34 CMakeFiles/PWM_Capture_f407.elf.dir/Drivers/STM32F4xx_HAL_Driver/Src/stm32f4xx_hal_tim.c.obj
 .text.TIM_TI2_ConfigInputStage
                0x0000000008002be6       0x28 CMakeFiles/PWM_Capture_f407.elf.dir/Drivers/STM32F4xx_HAL_Driver/Src/stm32f4xx_hal_tim.c.obj
 .text.TIM_TI3_SetConfig
                0x0000000008002c0e       0x32 CMakeFiles/PWM_Capture_f407.elf.dir/Drivers/STM32F4xx_HAL_Driver/Src/stm32f4xx_hal_tim.c.obj
 .text.TIM_TI4_SetConfig
                0x0000000008002c40       0x34 CMakeFiles/PWM_Capture_f407.elf.dir/Drivers/STM32F4xx_HAL_Driver/Src/stm32f4xx_hal_tim.c.obj
 .text.TIM_ITRx_SetConfig
                0x0000000008002c74       0x10 CMakeFiles/PWM_Capture_f407.elf.dir/Drivers/STM32F4xx_HAL_Driver/Src/stm32f4xx_hal_tim.c.obj
 .text.HAL_TIM_Base_Start_IT
                0x0000000008002c84       0x88 CMakeFiles/PWM_Capture_f407.elf.dir/Drivers/STM32F4xx_HAL_Driver/Src/stm32f4xx_hal_tim.c.obj
                0x0000000008002c84                HAL_TIM_Base_Start_IT
 .text.HAL_TIM_IC_MspInit
                0x0000000008002d0c        0x2 CMakeFiles/PWM_Capture_f407.elf.dir/Drivers/STM32F4xx_HAL_Driver/Src/stm32f4xx_hal_tim.c.obj
                0x0000000008002d0c                HAL_TIM_IC_MspInit
 .text.HAL_TIM_ReadCapturedValue
                0x0000000008002d0e       0x32 CMakeFiles/PWM_Capture_f407.elf.dir/Drivers/STM32F4xx_HAL_Driver/Src/stm32f4xx_hal_tim.c.obj
                0x0000000008002d0e                HAL_TIM_ReadCapturedValue
 .text.HAL_TIM_OC_DelayElapsedCallback
                0x0000000008002d40        0x2 CMakeFiles/PWM_Capture_f407.elf.dir/Drivers/STM32F4xx_HAL_Driver/Src/stm32f4xx_hal_tim.c.obj
                0x0000000008002d40                HAL_TIM_OC_DelayElapsedCallback
 .text.HAL_TIM_PWM_PulseFinishedCallback
                0x0000000008002d42        0x2 CMakeFiles/PWM_Capture_f407.elf.dir/Drivers/STM32F4xx_HAL_Driver/Src/stm32f4xx_hal_tim.c.obj
                0x0000000008002d42                HAL_TIM_PWM_PulseFinishedCallback
 .text.HAL_TIM_TriggerCallback
                0x0000000008002d44        0x2 CMakeFiles/PWM_Capture_f407.elf.dir/Drivers/STM32F4xx_HAL_Driver/Src/stm32f4xx_hal_tim.c.obj
                0x0000000008002d44                HAL_TIM_TriggerCallback
 .text.HAL_TIM_IRQHandler
                0x0000000008002d46      0x17a CMakeFiles/PWM_Capture_f407.elf.dir/Drivers/STM32F4xx_HAL_Driver/Src/stm32f4xx_hal_tim.c.obj
                0x0000000008002d46                HAL_TIM_IRQHandler
 .text.TIM_Base_SetConfig
                0x0000000008002ec0       0xc8 CMakeFiles/PWM_Capture_f407.elf.dir/Drivers/STM32F4xx_HAL_Driver/Src/stm32f4xx_hal_tim.c.obj
                0x0000000008002ec0                TIM_Base_SetConfig
 .text.HAL_TIM_Base_Init
                0x0000000008002f88       0x56 CMakeFiles/PWM_Capture_f407.elf.dir/Drivers/STM32F4xx_HAL_Driver/Src/stm32f4xx_hal_tim.c.obj
                0x0000000008002f88                HAL_TIM_Base_Init
 .text.HAL_TIM_IC_Init
                0x0000000008002fde       0x56 CMakeFiles/PWM_Capture_f407.elf.dir/Drivers/STM32F4xx_HAL_Driver/Src/stm32f4xx_hal_tim.c.obj
                0x0000000008002fde                HAL_TIM_IC_Init
 .text.TIM_TI1_SetConfig
                0x0000000008003034       0x78 CMakeFiles/PWM_Capture_f407.elf.dir/Drivers/STM32F4xx_HAL_Driver/Src/stm32f4xx_hal_tim.c.obj
                0x0000000008003034                TIM_TI1_SetConfig
 .text.HAL_TIM_IC_ConfigChannel
                0x00000000080030ac       0xc4 CMakeFiles/PWM_Capture_f407.elf.dir/Drivers/STM32F4xx_HAL_Driver/Src/stm32f4xx_hal_tim.c.obj
                0x00000000080030ac                HAL_TIM_IC_ConfigChannel
 .text.TIM_ETR_SetConfig
                0x0000000008003170       0x18 CMakeFiles/PWM_Capture_f407.elf.dir/Drivers/STM32F4xx_HAL_Driver/Src/stm32f4xx_hal_tim.c.obj
                0x0000000008003170                TIM_ETR_SetConfig
 .text.HAL_TIM_ConfigClockSource
                0x0000000008003188       0xf4 CMakeFiles/PWM_Capture_f407.elf.dir/Drivers/STM32F4xx_HAL_Driver/Src/stm32f4xx_hal_tim.c.obj
                0x0000000008003188                HAL_TIM_ConfigClockSource
 .text.TIM_SlaveTimer_SetConfig
                0x000000000800327c       0x9e CMakeFiles/PWM_Capture_f407.elf.dir/Drivers/STM32F4xx_HAL_Driver/Src/stm32f4xx_hal_tim.c.obj
 .text.HAL_TIM_SlaveConfigSynchro
                0x000000000800331a       0x58 CMakeFiles/PWM_Capture_f407.elf.dir/Drivers/STM32F4xx_HAL_Driver/Src/stm32f4xx_hal_tim.c.obj
                0x000000000800331a                HAL_TIM_SlaveConfigSynchro
 .text.TIM_CCxChannelCmd
                0x0000000008003372       0x22 CMakeFiles/PWM_Capture_f407.elf.dir/Drivers/STM32F4xx_HAL_Driver/Src/stm32f4xx_hal_tim.c.obj
                0x0000000008003372                TIM_CCxChannelCmd
 .text.HAL_TIM_IC_Start_IT
                0x0000000008003394      0x170 CMakeFiles/PWM_Capture_f407.elf.dir/Drivers/STM32F4xx_HAL_Driver/Src/stm32f4xx_hal_tim.c.obj
                0x0000000008003394                HAL_TIM_IC_Start_IT
 .text.HAL_TIMEx_MasterConfigSynchronization
                0x0000000008003504       0x88 CMakeFiles/PWM_Capture_f407.elf.dir/Drivers/STM32F4xx_HAL_Driver/Src/stm32f4xx_hal_tim_ex.c.obj
                0x0000000008003504                HAL_TIMEx_MasterConfigSynchronization
 .text.HAL_TIMEx_CommutCallback
                0x000000000800358c        0x2 CMakeFiles/PWM_Capture_f407.elf.dir/Drivers/STM32F4xx_HAL_Driver/Src/stm32f4xx_hal_tim_ex.c.obj
                0x000000000800358c                HAL_TIMEx_CommutCallback
 .text.HAL_TIMEx_BreakCallback
                0x000000000800358e        0x2 CMakeFiles/PWM_Capture_f407.elf.dir/Drivers/STM32F4xx_HAL_Driver/Src/stm32f4xx_hal_tim_ex.c.obj
                0x000000000800358e                HAL_TIMEx_BreakCallback
 .text.UART_EndTxTransfer
                0x0000000008003590       0x20 CMakeFiles/PWM_Capture_f407.elf.dir/Drivers/STM32F4xx_HAL_Driver/Src/stm32f4xx_hal_uart.c.obj
 .text.UART_EndRxTransfer
                0x00000000080035b0       0x5c CMakeFiles/PWM_Capture_f407.elf.dir/Drivers/STM32F4xx_HAL_Driver/Src/stm32f4xx_hal_uart.c.obj
 .text.UART_Transmit_IT
                0x000000000800360c       0x62 CMakeFiles/PWM_Capture_f407.elf.dir/Drivers/STM32F4xx_HAL_Driver/Src/stm32f4xx_hal_uart.c.obj
 *fill*         0x000000000800366e        0x2 
 .text.UART_SetConfig
                0x0000000008003670      0x134 CMakeFiles/PWM_Capture_f407.elf.dir/Drivers/STM32F4xx_HAL_Driver/Src/stm32f4xx_hal_uart.c.obj
 .text.HAL_UART_Init
                0x00000000080037a4       0x5e CMakeFiles/PWM_Capture_f407.elf.dir/Drivers/STM32F4xx_HAL_Driver/Src/stm32f4xx_hal_uart.c.obj
                0x00000000080037a4                HAL_UART_Init
 *fill*         0x0000000008003802        0x2 
 .text.HAL_UART_Transmit_DMA
                0x0000000008003804       0x9c CMakeFiles/PWM_Capture_f407.elf.dir/Drivers/STM32F4xx_HAL_Driver/Src/stm32f4xx_hal_uart.c.obj
                0x0000000008003804                HAL_UART_Transmit_DMA
 .text.HAL_UART_TxCpltCallback
                0x00000000080038a0        0x2 CMakeFiles/PWM_Capture_f407.elf.dir/Drivers/STM32F4xx_HAL_Driver/Src/stm32f4xx_hal_uart.c.obj
                0x00000000080038a0                HAL_UART_TxCpltCallback
 .text.UART_DMATransmitCplt
                0x00000000080038a2       0x4c CMakeFiles/PWM_Capture_f407.elf.dir/Drivers/STM32F4xx_HAL_Driver/Src/stm32f4xx_hal_uart.c.obj
 .text.UART_EndTransmit_IT
                0x00000000080038ee       0x1a CMakeFiles/PWM_Capture_f407.elf.dir/Drivers/STM32F4xx_HAL_Driver/Src/stm32f4xx_hal_uart.c.obj
 .text.HAL_UART_TxHalfCpltCallback
                0x0000000008003908        0x2 CMakeFiles/PWM_Capture_f407.elf.dir/Drivers/STM32F4xx_HAL_Driver/Src/stm32f4xx_hal_uart.c.obj
                0x0000000008003908                HAL_UART_TxHalfCpltCallback
 .text.UART_DMATxHalfCplt
                0x000000000800390a        0xa CMakeFiles/PWM_Capture_f407.elf.dir/Drivers/STM32F4xx_HAL_Driver/Src/stm32f4xx_hal_uart.c.obj
 .text.HAL_UART_ErrorCallback
                0x0000000008003914        0x2 CMakeFiles/PWM_Capture_f407.elf.dir/Drivers/STM32F4xx_HAL_Driver/Src/stm32f4xx_hal_uart.c.obj
                0x0000000008003914                HAL_UART_ErrorCallback
 .text.UART_DMAError
                0x0000000008003916       0x58 CMakeFiles/PWM_Capture_f407.elf.dir/Drivers/STM32F4xx_HAL_Driver/Src/stm32f4xx_hal_uart.c.obj
 .text.UART_DMAAbortOnError
                0x000000000800396e       0x10 CMakeFiles/PWM_Capture_f407.elf.dir/Drivers/STM32F4xx_HAL_Driver/Src/stm32f4xx_hal_uart.c.obj
 .text.HAL_UARTEx_RxEventCallback
                0x000000000800397e        0x2 CMakeFiles/PWM_Capture_f407.elf.dir/Drivers/STM32F4xx_HAL_Driver/Src/stm32f4xx_hal_uart.c.obj
                0x000000000800397e                HAL_UARTEx_RxEventCallback
 .text.UART_Receive_IT
                0x0000000008003980       0xe2 CMakeFiles/PWM_Capture_f407.elf.dir/Drivers/STM32F4xx_HAL_Driver/Src/stm32f4xx_hal_uart.c.obj
 *fill*         0x0000000008003a62        0x2 
 .text.HAL_UART_IRQHandler
                0x0000000008003a64      0x270 CMakeFiles/PWM_Capture_f407.elf.dir/Drivers/STM32F4xx_HAL_Driver/Src/stm32f4xx_hal_uart.c.obj
                0x0000000008003a64                HAL_UART_IRQHandler
 .text.UART_Start_Receive_IT
                0x0000000008003cd4       0x36 CMakeFiles/PWM_Capture_f407.elf.dir/Drivers/STM32F4xx_HAL_Driver/Src/stm32f4xx_hal_uart.c.obj
                0x0000000008003cd4                UART_Start_Receive_IT
 .text.HAL_UART_Receive_IT
                0x0000000008003d0a       0x38 CMakeFiles/PWM_Capture_f407.elf.dir/Drivers/STM32F4xx_HAL_Driver/Src/stm32f4xx_hal_uart.c.obj
                0x0000000008003d0a                HAL_UART_Receive_IT
 .text.makeFreeRtosPriority
                0x0000000008003d42        0xc CMakeFiles/PWM_Capture_f407.elf.dir/Middlewares/Third_Party/FreeRTOS/Source/CMSIS_RTOS/cmsis_os.c.obj
 .text.osKernelStart
                0x0000000008003d4e        0xa CMakeFiles/PWM_Capture_f407.elf.dir/Middlewares/Third_Party/FreeRTOS/Source/CMSIS_RTOS/cmsis_os.c.obj
                0x0000000008003d4e                osKernelStart
 .text.osThreadCreate
                0x0000000008003d58       0x6c CMakeFiles/PWM_Capture_f407.elf.dir/Middlewares/Third_Party/FreeRTOS/Source/CMSIS_RTOS/cmsis_os.c.obj
                0x0000000008003d58                osThreadCreate
 .text.osDelay  0x0000000008003dc4       0x12 CMakeFiles/PWM_Capture_f407.elf.dir/Middlewares/Third_Party/FreeRTOS/Source/CMSIS_RTOS/cmsis_os.c.obj
                0x0000000008003dc4                osDelay
 .text.vListInitialise
                0x0000000008003dd6       0x16 CMakeFiles/PWM_Capture_f407.elf.dir/Middlewares/Third_Party/FreeRTOS/Source/list.c.obj
                0x0000000008003dd6                vListInitialise
 .text.vListInitialiseItem
                0x0000000008003dec        0x6 CMakeFiles/PWM_Capture_f407.elf.dir/Middlewares/Third_Party/FreeRTOS/Source/list.c.obj
                0x0000000008003dec                vListInitialiseItem
 .text.vListInsertEnd
                0x0000000008003df2       0x18 CMakeFiles/PWM_Capture_f407.elf.dir/Middlewares/Third_Party/FreeRTOS/Source/list.c.obj
                0x0000000008003df2                vListInsertEnd
 .text.vListInsert
                0x0000000008003e0a       0x34 CMakeFiles/PWM_Capture_f407.elf.dir/Middlewares/Third_Party/FreeRTOS/Source/list.c.obj
                0x0000000008003e0a                vListInsert
 .text.uxListRemove
                0x0000000008003e3e       0x28 CMakeFiles/PWM_Capture_f407.elf.dir/Middlewares/Third_Party/FreeRTOS/Source/list.c.obj
                0x0000000008003e3e                uxListRemove
 *fill*         0x0000000008003e66        0x2 
 .text.prvTaskExitError
                0x0000000008003e68       0x40 CMakeFiles/PWM_Capture_f407.elf.dir/Middlewares/Third_Party/FreeRTOS/Source/portable/GCC/ARM_CM4F/port.c.obj
 .text.prvPortStartFirstTask
                0x0000000008003ea8       0x28 CMakeFiles/PWM_Capture_f407.elf.dir/Middlewares/Third_Party/FreeRTOS/Source/portable/GCC/ARM_CM4F/port.c.obj
 .text.vPortEnableVFP
                0x0000000008003ed0       0x14 CMakeFiles/PWM_Capture_f407.elf.dir/Middlewares/Third_Party/FreeRTOS/Source/portable/GCC/ARM_CM4F/port.c.obj
 .text.pxPortInitialiseStack
                0x0000000008003ee4       0x2c CMakeFiles/PWM_Capture_f407.elf.dir/Middlewares/Third_Party/FreeRTOS/Source/portable/GCC/ARM_CM4F/port.c.obj
                0x0000000008003ee4                pxPortInitialiseStack
 .text.SVC_Handler
                0x0000000008003f10       0x24 CMakeFiles/PWM_Capture_f407.elf.dir/Middlewares/Third_Party/FreeRTOS/Source/portable/GCC/ARM_CM4F/port.c.obj
                0x0000000008003f10                SVC_Handler
 .text.vPortEnterCritical
                0x0000000008003f34       0x44 CMakeFiles/PWM_Capture_f407.elf.dir/Middlewares/Third_Party/FreeRTOS/Source/portable/GCC/ARM_CM4F/port.c.obj
                0x0000000008003f34                vPortEnterCritical
 .text.vPortExitCritical
                0x0000000008003f78       0x2c CMakeFiles/PWM_Capture_f407.elf.dir/Middlewares/Third_Party/FreeRTOS/Source/portable/GCC/ARM_CM4F/port.c.obj
                0x0000000008003f78                vPortExitCritical
 *fill*         0x0000000008003fa4        0xc 
 .text.PendSV_Handler
                0x0000000008003fb0       0x64 CMakeFiles/PWM_Capture_f407.elf.dir/Middlewares/Third_Party/FreeRTOS/Source/portable/GCC/ARM_CM4F/port.c.obj
                0x0000000008003fb0                PendSV_Handler
 .text.SysTick_Handler
                0x0000000008004014       0x2c CMakeFiles/PWM_Capture_f407.elf.dir/Middlewares/Third_Party/FreeRTOS/Source/portable/GCC/ARM_CM4F/port.c.obj
                0x0000000008004014                SysTick_Handler
 .text.vPortSetupTimerInterrupt
                0x0000000008004040       0x38 CMakeFiles/PWM_Capture_f407.elf.dir/Middlewares/Third_Party/FreeRTOS/Source/portable/GCC/ARM_CM4F/port.c.obj
                0x0000000008004040                vPortSetupTimerInterrupt
 .text.xPortStartScheduler
                0x0000000008004078      0x110 CMakeFiles/PWM_Capture_f407.elf.dir/Middlewares/Third_Party/FreeRTOS/Source/portable/GCC/ARM_CM4F/port.c.obj
                0x0000000008004078                xPortStartScheduler
 .text.prvHeapInit
                0x0000000008004188       0x64 CMakeFiles/PWM_Capture_f407.elf.dir/Middlewares/Third_Party/FreeRTOS/Source/portable/MemMang/heap_4.c.obj
 .text.prvInsertBlockIntoFreeList
                0x00000000080041ec       0x58 CMakeFiles/PWM_Capture_f407.elf.dir/Middlewares/Third_Party/FreeRTOS/Source/portable/MemMang/heap_4.c.obj
 .text.pvPortMalloc
                0x0000000008004244      0x114 CMakeFiles/PWM_Capture_f407.elf.dir/Middlewares/Third_Party/FreeRTOS/Source/portable/MemMang/heap_4.c.obj
                0x0000000008004244                pvPortMalloc
 .text.vPortFree
                0x0000000008004358       0x7c CMakeFiles/PWM_Capture_f407.elf.dir/Middlewares/Third_Party/FreeRTOS/Source/portable/MemMang/heap_4.c.obj
                0x0000000008004358                vPortFree
 .text.prvResetNextTaskUnblockTime
                0x00000000080043d4       0x2c CMakeFiles/PWM_Capture_f407.elf.dir/Middlewares/Third_Party/FreeRTOS/Source/tasks.c.obj
 .text.prvInitialiseNewTask
                0x0000000008004400       0x8c CMakeFiles/PWM_Capture_f407.elf.dir/Middlewares/Third_Party/FreeRTOS/Source/tasks.c.obj
 .text.prvInitialiseTaskLists
                0x000000000800448c       0x68 CMakeFiles/PWM_Capture_f407.elf.dir/Middlewares/Third_Party/FreeRTOS/Source/tasks.c.obj
 .text.prvAddNewTaskToReadyList
                0x00000000080044f4       0xa8 CMakeFiles/PWM_Capture_f407.elf.dir/Middlewares/Third_Party/FreeRTOS/Source/tasks.c.obj
 .text.prvDeleteTCB
                0x000000000800459c       0x38 CMakeFiles/PWM_Capture_f407.elf.dir/Middlewares/Third_Party/FreeRTOS/Source/tasks.c.obj
 .text.prvCheckTasksWaitingTermination
                0x00000000080045d4       0x4c CMakeFiles/PWM_Capture_f407.elf.dir/Middlewares/Third_Party/FreeRTOS/Source/tasks.c.obj
 .text.prvIdleTask
                0x0000000008004620       0x28 CMakeFiles/PWM_Capture_f407.elf.dir/Middlewares/Third_Party/FreeRTOS/Source/tasks.c.obj
 .text.prvAddCurrentTaskToDelayedList
                0x0000000008004648       0x98 CMakeFiles/PWM_Capture_f407.elf.dir/Middlewares/Third_Party/FreeRTOS/Source/tasks.c.obj
 .text.xTaskCreateStatic
                0x00000000080046e0       0x74 CMakeFiles/PWM_Capture_f407.elf.dir/Middlewares/Third_Party/FreeRTOS/Source/tasks.c.obj
                0x00000000080046e0                xTaskCreateStatic
 .text.xTaskCreate
                0x0000000008004754       0x66 CMakeFiles/PWM_Capture_f407.elf.dir/Middlewares/Third_Party/FreeRTOS/Source/tasks.c.obj
                0x0000000008004754                xTaskCreate
 *fill*         0x00000000080047ba        0x2 
 .text.vTaskStartScheduler
                0x00000000080047bc       0x6c CMakeFiles/PWM_Capture_f407.elf.dir/Middlewares/Third_Party/FreeRTOS/Source/tasks.c.obj
                0x00000000080047bc                vTaskStartScheduler
 .text.vTaskSuspendAll
                0x0000000008004828       0x10 CMakeFiles/PWM_Capture_f407.elf.dir/Middlewares/Third_Party/FreeRTOS/Source/tasks.c.obj
                0x0000000008004828                vTaskSuspendAll
 .text.xTaskIncrementTick
                0x0000000008004838      0x118 CMakeFiles/PWM_Capture_f407.elf.dir/Middlewares/Third_Party/FreeRTOS/Source/tasks.c.obj
                0x0000000008004838                xTaskIncrementTick
 .text.xTaskResumeAll
                0x0000000008004950       0xf4 CMakeFiles/PWM_Capture_f407.elf.dir/Middlewares/Third_Party/FreeRTOS/Source/tasks.c.obj
                0x0000000008004950                xTaskResumeAll
 .text.vTaskDelay
                0x0000000008004a44       0x4c CMakeFiles/PWM_Capture_f407.elf.dir/Middlewares/Third_Party/FreeRTOS/Source/tasks.c.obj
                0x0000000008004a44                vTaskDelay
 .text.vTaskSwitchContext
                0x0000000008004a90       0x98 CMakeFiles/PWM_Capture_f407.elf.dir/Middlewares/Third_Party/FreeRTOS/Source/tasks.c.obj
                0x0000000008004a90                vTaskSwitchContext
 .text.MX_DMA_Init
                0x0000000008004b28       0x34 CMakeFiles/PWM_Capture_f407.elf.dir/Src/dma.c.obj
                0x0000000008004b28                MX_DMA_Init
 .text.StartDefaultTask
                0x0000000008004b5c        0xa CMakeFiles/PWM_Capture_f407.elf.dir/Src/freertos.c.obj
                0x0000000008004b5c                StartDefaultTask
 *fill*         0x0000000008004b66        0x2 
 .text.vApplicationGetIdleTaskMemory
                0x0000000008004b68       0x18 CMakeFiles/PWM_Capture_f407.elf.dir/Src/freertos.c.obj
                0x0000000008004b68                vApplicationGetIdleTaskMemory
 .text.MX_FREERTOS_Init
                0x0000000008004b80       0x50 CMakeFiles/PWM_Capture_f407.elf.dir/Src/freertos.c.obj
                0x0000000008004b80                MX_FREERTOS_Init
 .text.MX_GPIO_Init
                0x0000000008004bd0       0x94 CMakeFiles/PWM_Capture_f407.elf.dir/Src/gpio.c.obj
                0x0000000008004bd0                MX_GPIO_Init
 .text.HAL_TIM_PeriodElapsedCallback
                0x0000000008004c64       0x18 CMakeFiles/PWM_Capture_f407.elf.dir/Src/main.c.obj
                0x0000000008004c64                HAL_TIM_PeriodElapsedCallback
 .text.Error_Handler
                0x0000000008004c7c        0x4 CMakeFiles/PWM_Capture_f407.elf.dir/Src/main.c.obj
                0x0000000008004c7c                Error_Handler
 .text.SystemClock_Config
                0x0000000008004c80       0xa8 CMakeFiles/PWM_Capture_f407.elf.dir/Src/main.c.obj
                0x0000000008004c80                SystemClock_Config
 .text.main     0x0000000008004d28       0x24 CMakeFiles/PWM_Capture_f407.elf.dir/Src/main.c.obj
                0x0000000008004d28                main
 .text.HAL_MspInit
                0x0000000008004d4c       0x44 CMakeFiles/PWM_Capture_f407.elf.dir/Src/stm32f4xx_hal_msp.c.obj
                0x0000000008004d4c                HAL_MspInit
 .text.HAL_InitTick
                0x0000000008004d90       0x7c CMakeFiles/PWM_Capture_f407.elf.dir/Src/stm32f4xx_hal_timebase_tim.c.obj
                0x0000000008004d90                HAL_InitTick
 .text.NMI_Handler
                0x0000000008004e0c        0x2 CMakeFiles/PWM_Capture_f407.elf.dir/Src/stm32f4xx_it.c.obj
                0x0000000008004e0c                NMI_Handler
 .text.HardFault_Handler
                0x0000000008004e0e        0x2 CMakeFiles/PWM_Capture_f407.elf.dir/Src/stm32f4xx_it.c.obj
                0x0000000008004e0e                HardFault_Handler
 .text.MemManage_Handler
                0x0000000008004e10        0x2 CMakeFiles/PWM_Capture_f407.elf.dir/Src/stm32f4xx_it.c.obj
                0x0000000008004e10                MemManage_Handler
 .text.BusFault_Handler
                0x0000000008004e12        0x2 CMakeFiles/PWM_Capture_f407.elf.dir/Src/stm32f4xx_it.c.obj
                0x0000000008004e12                BusFault_Handler
 .text.UsageFault_Handler
                0x0000000008004e14        0x2 CMakeFiles/PWM_Capture_f407.elf.dir/Src/stm32f4xx_it.c.obj
                0x0000000008004e14                UsageFault_Handler
 .text.DebugMon_Handler
                0x0000000008004e16        0x2 CMakeFiles/PWM_Capture_f407.elf.dir/Src/stm32f4xx_it.c.obj
                0x0000000008004e16                DebugMon_Handler
 .text.TIM1_BRK_TIM9_IRQHandler
                0x0000000008004e18       0x10 CMakeFiles/PWM_Capture_f407.elf.dir/Src/stm32f4xx_it.c.obj
                0x0000000008004e18                TIM1_BRK_TIM9_IRQHandler
 .text.TIM1_UP_TIM10_IRQHandler
                0x0000000008004e28       0x10 CMakeFiles/PWM_Capture_f407.elf.dir/Src/stm32f4xx_it.c.obj
                0x0000000008004e28                TIM1_UP_TIM10_IRQHandler
 .text.TIM1_TRG_COM_TIM11_IRQHandler
                0x0000000008004e38       0x10 CMakeFiles/PWM_Capture_f407.elf.dir/Src/stm32f4xx_it.c.obj
                0x0000000008004e38                TIM1_TRG_COM_TIM11_IRQHandler
 .text.TIM1_CC_IRQHandler
                0x0000000008004e48       0x10 CMakeFiles/PWM_Capture_f407.elf.dir/Src/stm32f4xx_it.c.obj
                0x0000000008004e48                TIM1_CC_IRQHandler
 .text.USART1_IRQHandler
                0x0000000008004e58       0x10 CMakeFiles/PWM_Capture_f407.elf.dir/Src/stm32f4xx_it.c.obj
                0x0000000008004e58                USART1_IRQHandler
 .text.TIM6_DAC_IRQHandler
                0x0000000008004e68       0x10 CMakeFiles/PWM_Capture_f407.elf.dir/Src/stm32f4xx_it.c.obj
                0x0000000008004e68                TIM6_DAC_IRQHandler
 .text.DMA2_Stream7_IRQHandler
                0x0000000008004e78       0x10 CMakeFiles/PWM_Capture_f407.elf.dir/Src/stm32f4xx_it.c.obj
                0x0000000008004e78                DMA2_Stream7_IRQHandler
 .text._getpid  0x0000000008004e88        0x4 CMakeFiles/PWM_Capture_f407.elf.dir/Src/syscalls.c.obj
                0x0000000008004e88                _getpid
 .text._kill    0x0000000008004e8c       0x10 CMakeFiles/PWM_Capture_f407.elf.dir/Src/syscalls.c.obj
                0x0000000008004e8c                _kill
 .text._exit    0x0000000008004e9c        0xc CMakeFiles/PWM_Capture_f407.elf.dir/Src/syscalls.c.obj
                0x0000000008004e9c                _exit
 .text.SystemInit
                0x0000000008004ea8       0x14 CMakeFiles/PWM_Capture_f407.elf.dir/Src/system_stm32f4xx.c.obj
                0x0000000008004ea8                SystemInit
 .text.MX_TIM1_Init
                0x0000000008004ebc       0xf0 CMakeFiles/PWM_Capture_f407.elf.dir/Src/tim.c.obj
                0x0000000008004ebc                MX_TIM1_Init
 .text.HAL_TIM_Base_MspInit
                0x0000000008004fac       0xac CMakeFiles/PWM_Capture_f407.elf.dir/Src/tim.c.obj
                0x0000000008004fac                HAL_TIM_Base_MspInit
 .text.MX_USART1_UART_Init
                0x0000000008005058       0x34 CMakeFiles/PWM_Capture_f407.elf.dir/Src/usart.c.obj
                0x0000000008005058                MX_USART1_UART_Init
 .text.HAL_UART_MspInit
                0x000000000800508c       0xf4 CMakeFiles/PWM_Capture_f407.elf.dir/Src/usart.c.obj
                0x000000000800508c                HAL_UART_MspInit
 .text.Reset_Handler
                0x0000000008005180       0x50 CMakeFiles/PWM_Capture_f407.elf.dir/Startup/startup_stm32f407ighx.s.obj
                0x0000000008005180                Reset_Handler
 .text.Default_Handler
                0x00000000080051d0        0x2 CMakeFiles/PWM_Capture_f407.elf.dir/Startup/startup_stm32f407ighx.s.obj
                0x00000000080051d0                RTC_Alarm_IRQHandler
                0x00000000080051d0                HASH_RNG_IRQHandler
                0x00000000080051d0                EXTI2_IRQHandler
                0x00000000080051d0                TIM8_CC_IRQHandler
                0x00000000080051d0                DMA2_Stream5_IRQHandler
                0x00000000080051d0                DMA1_Stream5_IRQHandler
                0x00000000080051d0                PVD_IRQHandler
                0x00000000080051d0                SDIO_IRQHandler
                0x00000000080051d0                TAMP_STAMP_IRQHandler
                0x00000000080051d0                CAN2_RX1_IRQHandler
                0x00000000080051d0                EXTI3_IRQHandler
                0x00000000080051d0                TIM8_TRG_COM_TIM14_IRQHandler
                0x00000000080051d0                TIM8_UP_TIM13_IRQHandler
                0x00000000080051d0                I2C3_ER_IRQHandler
                0x00000000080051d0                EXTI0_IRQHandler
                0x00000000080051d0                I2C2_EV_IRQHandler
                0x00000000080051d0                DMA1_Stream2_IRQHandler
                0x00000000080051d0                CAN1_RX0_IRQHandler
                0x00000000080051d0                FPU_IRQHandler
                0x00000000080051d0                OTG_HS_WKUP_IRQHandler
                0x00000000080051d0                CAN2_SCE_IRQHandler
                0x00000000080051d0                DMA2_Stream2_IRQHandler
                0x00000000080051d0                SPI1_IRQHandler
                0x00000000080051d0                DCMI_IRQHandler
                0x00000000080051d0                CAN2_RX0_IRQHandler
                0x00000000080051d0                DMA2_Stream3_IRQHandler
                0x00000000080051d0                USART6_IRQHandler
                0x00000000080051d0                USART3_IRQHandler
                0x00000000080051d0                CAN1_RX1_IRQHandler
                0x00000000080051d0                UART5_IRQHandler
                0x00000000080051d0                DMA2_Stream0_IRQHandler
                0x00000000080051d0                TIM4_IRQHandler
                0x00000000080051d0                I2C1_EV_IRQHandler
                0x00000000080051d0                DMA1_Stream6_IRQHandler
                0x00000000080051d0                DMA1_Stream1_IRQHandler
                0x00000000080051d0                UART4_IRQHandler
                0x00000000080051d0                TIM3_IRQHandler
                0x00000000080051d0                RCC_IRQHandler
                0x00000000080051d0                TIM8_BRK_TIM12_IRQHandler
                0x00000000080051d0                Default_Handler
                0x00000000080051d0                EXTI15_10_IRQHandler
                0x00000000080051d0                ADC_IRQHandler
                0x00000000080051d0                DMA1_Stream7_IRQHandler
                0x00000000080051d0                TIM7_IRQHandler
                0x00000000080051d0                CAN2_TX_IRQHandler
                0x00000000080051d0                TIM5_IRQHandler
                0x00000000080051d0                I2C3_EV_IRQHandler
                0x00000000080051d0                EXTI9_5_IRQHandler
                0x00000000080051d0                RTC_WKUP_IRQHandler
                0x00000000080051d0                ETH_WKUP_IRQHandler
                0x00000000080051d0                SPI2_IRQHandler
                0x00000000080051d0                OTG_HS_EP1_IN_IRQHandler
                0x00000000080051d0                DMA1_Stream0_IRQHandler
                0x00000000080051d0                CAN1_TX_IRQHandler
                0x00000000080051d0                EXTI4_IRQHandler
                0x00000000080051d0                FSMC_IRQHandler
                0x00000000080051d0                ETH_IRQHandler
                0x00000000080051d0                OTG_HS_EP1_OUT_IRQHandler
                0x00000000080051d0                WWDG_IRQHandler
                0x00000000080051d0                TIM2_IRQHandler
                0x00000000080051d0                OTG_FS_WKUP_IRQHandler
                0x00000000080051d0                OTG_HS_IRQHandler
                0x00000000080051d0                EXTI1_IRQHandler
                0x00000000080051d0                USART2_IRQHandler
                0x00000000080051d0                I2C2_ER_IRQHandler
                0x00000000080051d0                DMA2_Stream1_IRQHandler
                0x00000000080051d0                CAN1_SCE_IRQHandler
                0x00000000080051d0                FLASH_IRQHandler
                0x00000000080051d0                DMA2_Stream4_IRQHandler
                0x00000000080051d0                OTG_FS_IRQHandler
                0x00000000080051d0                SPI3_IRQHandler
                0x00000000080051d0                DMA1_Stream4_IRQHandler
                0x00000000080051d0                I2C1_ER_IRQHandler
                0x00000000080051d0                DMA2_Stream6_IRQHandler
                0x00000000080051d0                DMA1_Stream3_IRQHandler
 *fill*         0x00000000080051d2        0x2 
 .text.StartPwmCapture
                0x00000000080051d4       0x8c CMakeFiles/PWM_Capture_f407.elf.dir/application/capture_task.cpp.obj
                0x00000000080051d4                StartPwmCapture
 .text.HAL_TIM_IC_CaptureCallback
                0x0000000008005260       0x90 CMakeFiles/PWM_Capture_f407.elf.dir/application/capture_task.cpp.obj
                0x0000000008005260                HAL_TIM_IC_CaptureCallback
 .text.HAL_UART_RxCpltCallback
                0x00000000080052f0       0x2c CMakeFiles/PWM_Capture_f407.elf.dir/application/capture_task.cpp.obj
                0x00000000080052f0                HAL_UART_RxCpltCallback
 .text.abort    0x000000000800531c       0x10 /home/szy/gcc-arm-none-eabi-7-2017-q4-major/bin/../lib/gcc/arm-none-eabi/7.2.1/../../../../arm-none-eabi/lib/thumb/v7e-m/fpv4-sp/hard/libg.a(lib_a-abort.o)
                0x000000000800531c                abort
 .text.__errno  0x000000000800532c        0xc /home/szy/gcc-arm-none-eabi-7-2017-q4-major/bin/../lib/gcc/arm-none-eabi/7.2.1/../../../../arm-none-eabi/lib/thumb/v7e-m/fpv4-sp/hard/libg.a(lib_a-errno.o)
                0x000000000800532c                __errno
 .text.__libc_init_array
                0x0000000008005338       0x48 /home/szy/gcc-arm-none-eabi-7-2017-q4-major/bin/../lib/gcc/arm-none-eabi/7.2.1/../../../../arm-none-eabi/lib/thumb/v7e-m/fpv4-sp/hard/libg.a(lib_a-init.o)
                0x0000000008005338                __libc_init_array
 .text.memset   0x0000000008005380       0x94 /home/szy/gcc-arm-none-eabi-7-2017-q4-major/bin/../lib/gcc/arm-none-eabi/7.2.1/../../../../arm-none-eabi/lib/thumb/v7e-m/fpv4-sp/hard/libg.a(lib_a-memset.o)
                0x0000000008005380                memset
 .text._raise_r
                0x0000000008005414       0x58 /home/szy/gcc-arm-none-eabi-7-2017-q4-major/bin/../lib/gcc/arm-none-eabi/7.2.1/../../../../arm-none-eabi/lib/thumb/v7e-m/fpv4-sp/hard/libg.a(lib_a-signal.o)
                0x0000000008005414                _raise_r
 .text.raise    0x000000000800546c       0x10 /home/szy/gcc-arm-none-eabi-7-2017-q4-major/bin/../lib/gcc/arm-none-eabi/7.2.1/../../../../arm-none-eabi/lib/thumb/v7e-m/fpv4-sp/hard/libg.a(lib_a-signal.o)
                0x000000000800546c                raise
 .text._kill_r  0x000000000800547c       0x28 /home/szy/gcc-arm-none-eabi-7-2017-q4-major/bin/../lib/gcc/arm-none-eabi/7.2.1/../../../../arm-none-eabi/lib/thumb/v7e-m/fpv4-sp/hard/libg.a(lib_a-signalr.o)
                0x000000000800547c                _kill_r
 .text._getpid_r
                0x00000000080054a4        0x4 /home/szy/gcc-arm-none-eabi-7-2017-q4-major/bin/../lib/gcc/arm-none-eabi/7.2.1/../../../../arm-none-eabi/lib/thumb/v7e-m/fpv4-sp/hard/libg.a(lib_a-signalr.o)
                0x00000000080054a4                _getpid_r
 .text.startup.register_fini
                0x00000000080054a8       0x14 /home/szy/gcc-arm-none-eabi-7-2017-q4-major/bin/../lib/gcc/arm-none-eabi/7.2.1/../../../../arm-none-eabi/lib/thumb/v7e-m/fpv4-sp/hard/libg.a(lib_a-__call_atexit.o)
 .text.atexit   0x00000000080054bc        0xc /home/szy/gcc-arm-none-eabi-7-2017-q4-major/bin/../lib/gcc/arm-none-eabi/7.2.1/../../../../arm-none-eabi/lib/thumb/v7e-m/fpv4-sp/hard/libg.a(lib_a-atexit.o)
                0x00000000080054bc                atexit
 .text.__libc_fini_array
                0x00000000080054c8       0x34 /home/szy/gcc-arm-none-eabi-7-2017-q4-major/bin/../lib/gcc/arm-none-eabi/7.2.1/../../../../arm-none-eabi/lib/thumb/v7e-m/fpv4-sp/hard/libg.a(lib_a-fini.o)
                0x00000000080054c8                __libc_fini_array
 .text.__retarget_lock_acquire_recursive
                0x00000000080054fc        0x4 /home/szy/gcc-arm-none-eabi-7-2017-q4-major/bin/../lib/gcc/arm-none-eabi/7.2.1/../../../../arm-none-eabi/lib/thumb/v7e-m/fpv4-sp/hard/libg.a(lib_a-lock.o)
                0x00000000080054fc                __retarget_lock_acquire_recursive
 .text.__retarget_lock_release_recursive
                0x0000000008005500        0x4 /home/szy/gcc-arm-none-eabi-7-2017-q4-major/bin/../lib/gcc/arm-none-eabi/7.2.1/../../../../arm-none-eabi/lib/thumb/v7e-m/fpv4-sp/hard/libg.a(lib_a-lock.o)
                0x0000000008005500                __retarget_lock_release_recursive
 .text.__register_exitproc
                0x0000000008005504       0xc0 /home/szy/gcc-arm-none-eabi-7-2017-q4-major/bin/../lib/gcc/arm-none-eabi/7.2.1/../../../../arm-none-eabi/lib/thumb/v7e-m/fpv4-sp/hard/libg.a(lib_a-__atexit.o)
                0x0000000008005504                __register_exitproc
 *(.glue_7)
 .glue_7        0x00000000080055c4        0x0 linker stubs
 *(.glue_7t)
 .glue_7t       0x00000000080055c4        0x0 linker stubs
 *(.eh_frame)
 .eh_frame      0x00000000080055c4        0x0 /home/szy/gcc-arm-none-eabi-7-2017-q4-major/bin/../lib/gcc/arm-none-eabi/7.2.1/thumb/v7e-m/fpv4-sp/hard/crtbegin.o
 *(.init)
 .init          0x00000000080055c4        0x4 /home/szy/gcc-arm-none-eabi-7-2017-q4-major/bin/../lib/gcc/arm-none-eabi/7.2.1/thumb/v7e-m/fpv4-sp/hard/crti.o
                0x00000000080055c4                _init
 .init          0x00000000080055c8        0x8 /home/szy/gcc-arm-none-eabi-7-2017-q4-major/bin/../lib/gcc/arm-none-eabi/7.2.1/thumb/v7e-m/fpv4-sp/hard/crtn.o
 *(.fini)
 .fini          0x00000000080055d0        0x4 /home/szy/gcc-arm-none-eabi-7-2017-q4-major/bin/../lib/gcc/arm-none-eabi/7.2.1/thumb/v7e-m/fpv4-sp/hard/crti.o
                0x00000000080055d0                _fini
 .fini          0x00000000080055d4        0x8 /home/szy/gcc-arm-none-eabi-7-2017-q4-major/bin/../lib/gcc/arm-none-eabi/7.2.1/thumb/v7e-m/fpv4-sp/hard/crtn.o
                0x00000000080055dc                . = ALIGN (0x4)
                0x00000000080055dc                _etext = .

.vfp11_veneer   0x00000000080055dc        0x0
 .vfp11_veneer  0x00000000080055dc        0x0 linker stubs

.v4_bx          0x00000000080055dc        0x0
 .v4_bx         0x00000000080055dc        0x0 linker stubs

.iplt           0x00000000080055dc        0x0
 .iplt          0x00000000080055dc        0x0 /home/szy/gcc-arm-none-eabi-7-2017-q4-major/bin/../lib/gcc/arm-none-eabi/7.2.1/thumb/v7e-m/fpv4-sp/hard/crtbegin.o

.rodata         0x00000000080055dc       0x80
                0x00000000080055dc                . = ALIGN (0x4)
 *(.rodata)
 .rodata        0x00000000080055dc       0x38 CMakeFiles/PWM_Capture_f407.elf.dir/Src/freertos.c.obj
 .rodata        0x0000000008005614        0x3 CMakeFiles/PWM_Capture_f407.elf.dir/application/capture_task.cpp.obj
 *(.rodata*)
 *fill*         0x0000000008005617        0x1 
 .rodata.flagBitshiftOffset.8181
                0x0000000008005618        0x8 CMakeFiles/PWM_Capture_f407.elf.dir/Drivers/STM32F4xx_HAL_Driver/Src/stm32f4xx_hal_dma.c.obj
 .rodata.vTaskStartScheduler.str1.4
                0x0000000008005620        0x5 CMakeFiles/PWM_Capture_f407.elf.dir/Middlewares/Third_Party/FreeRTOS/Source/tasks.c.obj
 *fill*         0x0000000008005625        0x3 
 .rodata.str1.4
                0x0000000008005628       0x18 CMakeFiles/PWM_Capture_f407.elf.dir/Src/freertos.c.obj
 .rodata.AHBPrescTable
                0x0000000008005640       0x10 CMakeFiles/PWM_Capture_f407.elf.dir/Src/system_stm32f4xx.c.obj
                0x0000000008005640                AHBPrescTable
 .rodata.APBPrescTable
                0x0000000008005650        0x8 CMakeFiles/PWM_Capture_f407.elf.dir/Src/system_stm32f4xx.c.obj
                0x0000000008005650                APBPrescTable
 .rodata._global_impure_ptr
                0x0000000008005658        0x4 /home/szy/gcc-arm-none-eabi-7-2017-q4-major/bin/../lib/gcc/arm-none-eabi/7.2.1/../../../../arm-none-eabi/lib/thumb/v7e-m/fpv4-sp/hard/libg.a(lib_a-impure.o)
                0x0000000008005658                _global_impure_ptr
                0x000000000800565c                . = ALIGN (0x4)

.ARM.extab      0x000000000800565c       0x24
                0x000000000800565c                . = ALIGN (0x4)
 *(.ARM.extab* .gnu.linkonce.armextab.*)
 .ARM.extab.text.HAL_UART_RxCpltCallback
                0x000000000800565c        0xc CMakeFiles/PWM_Capture_f407.elf.dir/application/capture_task.cpp.obj
 .ARM.extab     0x0000000008005668       0x18 /home/szy/gcc-arm-none-eabi-7-2017-q4-major/bin/../lib/gcc/arm-none-eabi/7.2.1/thumb/v7e-m/fpv4-sp/hard/libgcc.a(pr-support.o)
                0x0000000008005680                . = ALIGN (0x4)

.ARM            0x0000000008005680       0xd8
                0x0000000008005680                . = ALIGN (0x4)
                0x0000000008005680                __exidx_start = .
 *(.ARM.exidx*)
 .ARM.exidx.text.StartPwmCapture
                0x0000000008005738        0x8 CMakeFiles/PWM_Capture_f407.elf.dir/application/capture_task.cpp.obj
 .ARM.exidx.text.HAL_TIM_IC_CaptureCallback
                0x0000000008005740        0x8 CMakeFiles/PWM_Capture_f407.elf.dir/application/capture_task.cpp.obj
 .ARM.exidx.text.HAL_UART_RxCpltCallback
                0x0000000008005748       0x10 CMakeFiles/PWM_Capture_f407.elf.dir/application/capture_task.cpp.obj
                                          0x8 (size before relaxing)
 .ARM.exidx     0x0000000008005680        0x8 /home/szy/gcc-arm-none-eabi-7-2017-q4-major/bin/../lib/gcc/arm-none-eabi/7.2.1/thumb/v7e-m/fpv4-sp/hard/libgcc.a(_udivmoddi4.o)
 .ARM.exidx     0x0000000008005688       0x78 /home/szy/gcc-arm-none-eabi-7-2017-q4-major/bin/../lib/gcc/arm-none-eabi/7.2.1/thumb/v7e-m/fpv4-sp/hard/libgcc.a(unwind-arm.o)
                                         0xd8 (size before relaxing)
 .ARM.exidx     0x0000000008005700       0x38 /home/szy/gcc-arm-none-eabi-7-2017-q4-major/bin/../lib/gcc/arm-none-eabi/7.2.1/thumb/v7e-m/fpv4-sp/hard/libgcc.a(pr-support.o)
                                         0x48 (size before relaxing)
                0x0000000008005758                __exidx_end = .
                0x0000000008005758                . = ALIGN (0x4)

.rel.dyn        0x0000000008005758        0x0
 .rel.iplt      0x0000000008005758        0x0 /home/szy/gcc-arm-none-eabi-7-2017-q4-major/bin/../lib/gcc/arm-none-eabi/7.2.1/thumb/v7e-m/fpv4-sp/hard/crtbegin.o

.preinit_array  0x0000000008005758        0x0
                0x0000000008005758                . = ALIGN (0x4)
                0x0000000008005758                PROVIDE (__preinit_array_start, .)
 *(.preinit_array*)
                0x0000000008005758                PROVIDE (__preinit_array_end, .)
                0x0000000008005758                . = ALIGN (0x4)

.init_array     0x0000000008005758        0x8
                0x0000000008005758                . = ALIGN (0x4)
                0x0000000008005758                PROVIDE (__init_array_start, .)
 *(SORT_BY_NAME(.init_array.*))
 .init_array.00000
                0x0000000008005758        0x4 /home/szy/gcc-arm-none-eabi-7-2017-q4-major/bin/../lib/gcc/arm-none-eabi/7.2.1/../../../../arm-none-eabi/lib/thumb/v7e-m/fpv4-sp/hard/libg.a(lib_a-__call_atexit.o)
 *(.init_array*)
 .init_array    0x000000000800575c        0x4 /home/szy/gcc-arm-none-eabi-7-2017-q4-major/bin/../lib/gcc/arm-none-eabi/7.2.1/thumb/v7e-m/fpv4-sp/hard/crtbegin.o
                0x0000000008005760                PROVIDE (__init_array_end, .)
                0x0000000008005760                . = ALIGN (0x4)

.fini_array     0x0000000008005760        0x4
                0x0000000008005760                . = ALIGN (0x4)
                0x0000000008005760                PROVIDE (__fini_array_start, .)
 *(SORT_BY_NAME(.fini_array.*))
 *(.fini_array*)
 .fini_array    0x0000000008005760        0x4 /home/szy/gcc-arm-none-eabi-7-2017-q4-major/bin/../lib/gcc/arm-none-eabi/7.2.1/thumb/v7e-m/fpv4-sp/hard/crtbegin.o
                0x0000000008005764                PROVIDE (__fini_array_end, .)
                0x0000000008005764                . = ALIGN (0x4)
                0x0000000008005764                _sidata = LOADADDR (.data)

.data           0x0000000020000000      0x444 load address 0x0000000008005764
                0x0000000020000000                . = ALIGN (0x4)
                0x0000000020000000                _sdata = .
 *(.data)
 *(.data*)
 .data.uwTickFreq
                0x0000000020000000        0x1 CMakeFiles/PWM_Capture_f407.elf.dir/Drivers/STM32F4xx_HAL_Driver/Src/stm32f4xx_hal.c.obj
                0x0000000020000000                uwTickFreq
 *fill*         0x0000000020000001        0x3 
 .data.uwTickPrio
                0x0000000020000004        0x4 CMakeFiles/PWM_Capture_f407.elf.dir/Drivers/STM32F4xx_HAL_Driver/Src/stm32f4xx_hal.c.obj
                0x0000000020000004                uwTickPrio
 .data.uxCriticalNesting
                0x0000000020000008        0x4 CMakeFiles/PWM_Capture_f407.elf.dir/Middlewares/Third_Party/FreeRTOS/Source/portable/GCC/ARM_CM4F/port.c.obj
 .data.SystemCoreClock
                0x000000002000000c        0x4 CMakeFiles/PWM_Capture_f407.elf.dir/Src/system_stm32f4xx.c.obj
                0x000000002000000c                SystemCoreClock
 .data._impure_ptr
                0x0000000020000010        0x4 /home/szy/gcc-arm-none-eabi-7-2017-q4-major/bin/../lib/gcc/arm-none-eabi/7.2.1/../../../../arm-none-eabi/lib/thumb/v7e-m/fpv4-sp/hard/libg.a(lib_a-impure.o)
                0x0000000020000010                _impure_ptr
 *fill*         0x0000000020000014        0x4 
 .data.impure_data
                0x0000000020000018      0x428 /home/szy/gcc-arm-none-eabi-7-2017-q4-major/bin/../lib/gcc/arm-none-eabi/7.2.1/../../../../arm-none-eabi/lib/thumb/v7e-m/fpv4-sp/hard/libg.a(lib_a-impure.o)
 .data.__atexit_recursive_mutex
                0x0000000020000440        0x4 /home/szy/gcc-arm-none-eabi-7-2017-q4-major/bin/../lib/gcc/arm-none-eabi/7.2.1/../../../../arm-none-eabi/lib/thumb/v7e-m/fpv4-sp/hard/libg.a(lib_a-__call_atexit.o)
                0x0000000020000440                __atexit_recursive_mutex
 *(.RamFunc)
 *(.RamFunc*)
                0x0000000020000444                . = ALIGN (0x4)
                0x0000000020000444                _edata = .

.igot.plt       0x0000000020000444        0x0 load address 0x0000000008005ba8
 .igot.plt      0x0000000020000444        0x0 /home/szy/gcc-arm-none-eabi-7-2017-q4-major/bin/../lib/gcc/arm-none-eabi/7.2.1/thumb/v7e-m/fpv4-sp/hard/crtbegin.o
                0x0000000020000444                . = ALIGN (0x4)

.bss            0x0000000020000444     0x413c load address 0x0000000008005ba8
                0x0000000020000444                _sbss = .
                0x0000000020000444                __bss_start__ = _sbss
 *(.bss)
 .bss           0x0000000020000444       0x1c /home/szy/gcc-arm-none-eabi-7-2017-q4-major/bin/../lib/gcc/arm-none-eabi/7.2.1/thumb/v7e-m/fpv4-sp/hard/crtbegin.o
 *(.bss*)
 .bss.uwTick    0x0000000020000460        0x4 CMakeFiles/PWM_Capture_f407.elf.dir/Drivers/STM32F4xx_HAL_Driver/Src/stm32f4xx_hal.c.obj
                0x0000000020000460                uwTick
 .bss.ucMaxSysCallPriority
                0x0000000020000464        0x1 CMakeFiles/PWM_Capture_f407.elf.dir/Middlewares/Third_Party/FreeRTOS/Source/portable/GCC/ARM_CM4F/port.c.obj
 *fill*         0x0000000020000465        0x3 
 .bss.ulMaxPRIGROUPValue
                0x0000000020000468        0x4 CMakeFiles/PWM_Capture_f407.elf.dir/Middlewares/Third_Party/FreeRTOS/Source/portable/GCC/ARM_CM4F/port.c.obj
 .bss.pxEnd     0x000000002000046c        0x4 CMakeFiles/PWM_Capture_f407.elf.dir/Middlewares/Third_Party/FreeRTOS/Source/portable/MemMang/heap_4.c.obj
 .bss.ucHeap    0x0000000020000470     0x3c00 CMakeFiles/PWM_Capture_f407.elf.dir/Middlewares/Third_Party/FreeRTOS/Source/portable/MemMang/heap_4.c.obj
 .bss.xBlockAllocatedBit
                0x0000000020004070        0x4 CMakeFiles/PWM_Capture_f407.elf.dir/Middlewares/Third_Party/FreeRTOS/Source/portable/MemMang/heap_4.c.obj
 .bss.xFreeBytesRemaining
                0x0000000020004074        0x4 CMakeFiles/PWM_Capture_f407.elf.dir/Middlewares/Third_Party/FreeRTOS/Source/portable/MemMang/heap_4.c.obj
 .bss.xMinimumEverFreeBytesRemaining
                0x0000000020004078        0x4 CMakeFiles/PWM_Capture_f407.elf.dir/Middlewares/Third_Party/FreeRTOS/Source/portable/MemMang/heap_4.c.obj
 .bss.xNumberOfSuccessfulAllocations
                0x000000002000407c        0x4 CMakeFiles/PWM_Capture_f407.elf.dir/Middlewares/Third_Party/FreeRTOS/Source/portable/MemMang/heap_4.c.obj
 .bss.xNumberOfSuccessfulFrees
                0x0000000020004080        0x4 CMakeFiles/PWM_Capture_f407.elf.dir/Middlewares/Third_Party/FreeRTOS/Source/portable/MemMang/heap_4.c.obj
 .bss.xStart    0x0000000020004084        0x8 CMakeFiles/PWM_Capture_f407.elf.dir/Middlewares/Third_Party/FreeRTOS/Source/portable/MemMang/heap_4.c.obj
 .bss.pxCurrentTCB
                0x000000002000408c        0x4 CMakeFiles/PWM_Capture_f407.elf.dir/Middlewares/Third_Party/FreeRTOS/Source/tasks.c.obj
                0x000000002000408c                pxCurrentTCB
 .bss.pxDelayedTaskList
                0x0000000020004090        0x4 CMakeFiles/PWM_Capture_f407.elf.dir/Middlewares/Third_Party/FreeRTOS/Source/tasks.c.obj
 .bss.pxOverflowDelayedTaskList
                0x0000000020004094        0x4 CMakeFiles/PWM_Capture_f407.elf.dir/Middlewares/Third_Party/FreeRTOS/Source/tasks.c.obj
 .bss.pxReadyTasksLists
                0x0000000020004098       0x8c CMakeFiles/PWM_Capture_f407.elf.dir/Middlewares/Third_Party/FreeRTOS/Source/tasks.c.obj
 .bss.uxCurrentNumberOfTasks
                0x0000000020004124        0x4 CMakeFiles/PWM_Capture_f407.elf.dir/Middlewares/Third_Party/FreeRTOS/Source/tasks.c.obj
 .bss.uxDeletedTasksWaitingCleanUp
                0x0000000020004128        0x4 CMakeFiles/PWM_Capture_f407.elf.dir/Middlewares/Third_Party/FreeRTOS/Source/tasks.c.obj
 .bss.uxSchedulerSuspended
                0x000000002000412c        0x4 CMakeFiles/PWM_Capture_f407.elf.dir/Middlewares/Third_Party/FreeRTOS/Source/tasks.c.obj
 .bss.uxTaskNumber
                0x0000000020004130        0x4 CMakeFiles/PWM_Capture_f407.elf.dir/Middlewares/Third_Party/FreeRTOS/Source/tasks.c.obj
 .bss.uxTopReadyPriority
                0x0000000020004134        0x4 CMakeFiles/PWM_Capture_f407.elf.dir/Middlewares/Third_Party/FreeRTOS/Source/tasks.c.obj
 .bss.xDelayedTaskList1
                0x0000000020004138       0x14 CMakeFiles/PWM_Capture_f407.elf.dir/Middlewares/Third_Party/FreeRTOS/Source/tasks.c.obj
 .bss.xDelayedTaskList2
                0x000000002000414c       0x14 CMakeFiles/PWM_Capture_f407.elf.dir/Middlewares/Third_Party/FreeRTOS/Source/tasks.c.obj
 .bss.xNextTaskUnblockTime
                0x0000000020004160        0x4 CMakeFiles/PWM_Capture_f407.elf.dir/Middlewares/Third_Party/FreeRTOS/Source/tasks.c.obj
 .bss.xNumOfOverflows
                0x0000000020004164        0x4 CMakeFiles/PWM_Capture_f407.elf.dir/Middlewares/Third_Party/FreeRTOS/Source/tasks.c.obj
 .bss.xPendedTicks
                0x0000000020004168        0x4 CMakeFiles/PWM_Capture_f407.elf.dir/Middlewares/Third_Party/FreeRTOS/Source/tasks.c.obj
 .bss.xPendingReadyList
                0x000000002000416c       0x14 CMakeFiles/PWM_Capture_f407.elf.dir/Middlewares/Third_Party/FreeRTOS/Source/tasks.c.obj
 .bss.xSchedulerRunning
                0x0000000020004180        0x4 CMakeFiles/PWM_Capture_f407.elf.dir/Middlewares/Third_Party/FreeRTOS/Source/tasks.c.obj
 .bss.xSuspendedTaskList
                0x0000000020004184       0x14 CMakeFiles/PWM_Capture_f407.elf.dir/Middlewares/Third_Party/FreeRTOS/Source/tasks.c.obj
 .bss.xTasksWaitingTermination
                0x0000000020004198       0x14 CMakeFiles/PWM_Capture_f407.elf.dir/Middlewares/Third_Party/FreeRTOS/Source/tasks.c.obj
 .bss.xTickCount
                0x00000000200041ac        0x4 CMakeFiles/PWM_Capture_f407.elf.dir/Middlewares/Third_Party/FreeRTOS/Source/tasks.c.obj
 .bss.xYieldPending
                0x00000000200041b0        0x4 CMakeFiles/PWM_Capture_f407.elf.dir/Middlewares/Third_Party/FreeRTOS/Source/tasks.c.obj
 .bss.captureTaskHandle
                0x00000000200041b4        0x4 CMakeFiles/PWM_Capture_f407.elf.dir/Src/freertos.c.obj
                0x00000000200041b4                captureTaskHandle
 .bss.defaultTaskHandle
                0x00000000200041b8        0x4 CMakeFiles/PWM_Capture_f407.elf.dir/Src/freertos.c.obj
                0x00000000200041b8                defaultTaskHandle
 .bss.xIdleStack
                0x00000000200041bc      0x200 CMakeFiles/PWM_Capture_f407.elf.dir/Src/freertos.c.obj
 .bss.xIdleTaskTCBBuffer
                0x00000000200043bc       0x54 CMakeFiles/PWM_Capture_f407.elf.dir/Src/freertos.c.obj
 .bss.htim6     0x0000000020004410       0x48 CMakeFiles/PWM_Capture_f407.elf.dir/Src/stm32f4xx_hal_timebase_tim.c.obj
                0x0000000020004410                htim6
 .bss.htim1     0x0000000020004458       0x48 CMakeFiles/PWM_Capture_f407.elf.dir/Src/tim.c.obj
                0x0000000020004458                htim1
 .bss.hdma_usart1_tx
                0x00000000200044a0       0x60 CMakeFiles/PWM_Capture_f407.elf.dir/Src/usart.c.obj
                0x00000000200044a0                hdma_usart1_tx
 .bss.huart1    0x0000000020004500       0x44 CMakeFiles/PWM_Capture_f407.elf.dir/Src/usart.c.obj
                0x0000000020004500                huart1
 .bss.duty      0x0000000020004544        0x4 CMakeFiles/PWM_Capture_f407.elf.dir/application/capture_task.cpp.obj
                0x0000000020004544                duty
 .bss.fallingValue
                0x0000000020004548        0x4 CMakeFiles/PWM_Capture_f407.elf.dir/application/capture_task.cpp.obj
                0x0000000020004548                fallingValue
 .bss.period_ms
                0x000000002000454c        0x4 CMakeFiles/PWM_Capture_f407.elf.dir/application/capture_task.cpp.obj
                0x000000002000454c                period_ms
 .bss.risingValue
                0x0000000020004550        0x4 CMakeFiles/PWM_Capture_f407.elf.dir/application/capture_task.cpp.obj
                0x0000000020004550                risingValue
 .bss.rx_buff   0x0000000020004554        0x1 CMakeFiles/PWM_Capture_f407.elf.dir/application/capture_task.cpp.obj
                0x0000000020004554                rx_buff
 .bss.rx_state  0x0000000020004555        0x1 CMakeFiles/PWM_Capture_f407.elf.dir/application/capture_task.cpp.obj
                0x0000000020004555                rx_state
 .bss.tx_state  0x0000000020004556        0x1 CMakeFiles/PWM_Capture_f407.elf.dir/application/capture_task.cpp.obj
                0x0000000020004556                tx_state
 *(COMMON)
 *fill*         0x0000000020004557        0x1 
 COMMON         0x0000000020004558       0x21 /home/szy/gcc-arm-none-eabi-7-2017-q4-major/bin/../lib/gcc/arm-none-eabi/7.2.1/../../../../arm-none-eabi/lib/thumb/v7e-m/fpv4-sp/hard/libg.a(lib_a-lock.o)
                0x0000000020004558                __lock___atexit_recursive_mutex
                0x000000002000455c                __lock___arc4random_mutex
                0x0000000020004560                __lock___env_recursive_mutex
                0x0000000020004564                __lock___sinit_recursive_mutex
                0x0000000020004568                __lock___malloc_recursive_mutex
                0x000000002000456c                __lock___at_quick_exit_mutex
                0x0000000020004570                __lock___dd_hash_mutex
                0x0000000020004574                __lock___tz_mutex
                0x0000000020004578                __lock___sfp_recursive_mutex
 *fill*         0x0000000020004579        0x3 
 COMMON         0x000000002000457c        0x4 /home/szy/gcc-arm-none-eabi-7-2017-q4-major/bin/../lib/gcc/arm-none-eabi/7.2.1/../../../../arm-none-eabi/lib/thumb/v7e-m/fpv4-sp/hard/libg.a(lib_a-reent.o)
                0x000000002000457c                errno
                0x0000000020004580                . = ALIGN (0x4)
                0x0000000020004580                _ebss = .
                0x0000000020004580                __bss_end__ = _ebss

._user_heap_stack
                0x0000000020004580      0x600 load address 0x0000000008005ba8
                0x0000000020004580                . = ALIGN (0x8)
                [!provide]                        PROVIDE (end, .)
                0x0000000020004580                PROVIDE (_end, .)
                0x0000000020004780                . = (. + _Min_Heap_Size)
 *fill*         0x0000000020004580      0x200 
                0x0000000020004b80                . = (. + _Min_Stack_Size)
 *fill*         0x0000000020004780      0x400 
                0x0000000020004b80                . = ALIGN (0x8)

/DISCARD/
 libc.a(*)
 libm.a(*)
 libgcc.a(*)

.ARM.attributes
                0x0000000000000000       0x30
 *(.ARM.attributes)
 .ARM.attributes
                0x0000000000000000       0x22 /home/szy/gcc-arm-none-eabi-7-2017-q4-major/bin/../lib/gcc/arm-none-eabi/7.2.1/thumb/v7e-m/fpv4-sp/hard/crti.o
 .ARM.attributes
                0x0000000000000022       0x34 /home/szy/gcc-arm-none-eabi-7-2017-q4-major/bin/../lib/gcc/arm-none-eabi/7.2.1/thumb/v7e-m/fpv4-sp/hard/crtbegin.o
 .ARM.attributes
                0x0000000000000056       0x39 CMakeFiles/PWM_Capture_f407.elf.dir/Drivers/STM32F4xx_HAL_Driver/Src/stm32f4xx_hal.c.obj
 .ARM.attributes
                0x000000000000008f       0x39 CMakeFiles/PWM_Capture_f407.elf.dir/Drivers/STM32F4xx_HAL_Driver/Src/stm32f4xx_hal_cortex.c.obj
 .ARM.attributes
                0x00000000000000c8       0x39 CMakeFiles/PWM_Capture_f407.elf.dir/Drivers/STM32F4xx_HAL_Driver/Src/stm32f4xx_hal_dma.c.obj
 .ARM.attributes
                0x0000000000000101       0x39 CMakeFiles/PWM_Capture_f407.elf.dir/Drivers/STM32F4xx_HAL_Driver/Src/stm32f4xx_hal_gpio.c.obj
 .ARM.attributes
                0x000000000000013a       0x39 CMakeFiles/PWM_Capture_f407.elf.dir/Drivers/STM32F4xx_HAL_Driver/Src/stm32f4xx_hal_rcc.c.obj
 .ARM.attributes
                0x0000000000000173       0x39 CMakeFiles/PWM_Capture_f407.elf.dir/Drivers/STM32F4xx_HAL_Driver/Src/stm32f4xx_hal_tim.c.obj
 .ARM.attributes
                0x00000000000001ac       0x39 CMakeFiles/PWM_Capture_f407.elf.dir/Drivers/STM32F4xx_HAL_Driver/Src/stm32f4xx_hal_tim_ex.c.obj
 .ARM.attributes
                0x00000000000001e5       0x39 CMakeFiles/PWM_Capture_f407.elf.dir/Drivers/STM32F4xx_HAL_Driver/Src/stm32f4xx_hal_uart.c.obj
 .ARM.attributes
                0x000000000000021e       0x39 CMakeFiles/PWM_Capture_f407.elf.dir/Middlewares/Third_Party/FreeRTOS/Source/CMSIS_RTOS/cmsis_os.c.obj
 .ARM.attributes
                0x0000000000000257       0x39 CMakeFiles/PWM_Capture_f407.elf.dir/Middlewares/Third_Party/FreeRTOS/Source/list.c.obj
 .ARM.attributes
                0x0000000000000290       0x39 CMakeFiles/PWM_Capture_f407.elf.dir/Middlewares/Third_Party/FreeRTOS/Source/portable/GCC/ARM_CM4F/port.c.obj
 .ARM.attributes
                0x00000000000002c9       0x39 CMakeFiles/PWM_Capture_f407.elf.dir/Middlewares/Third_Party/FreeRTOS/Source/portable/MemMang/heap_4.c.obj
 .ARM.attributes
                0x0000000000000302       0x39 CMakeFiles/PWM_Capture_f407.elf.dir/Middlewares/Third_Party/FreeRTOS/Source/tasks.c.obj
 .ARM.attributes
                0x000000000000033b       0x39 CMakeFiles/PWM_Capture_f407.elf.dir/Src/dma.c.obj
 .ARM.attributes
                0x0000000000000374       0x39 CMakeFiles/PWM_Capture_f407.elf.dir/Src/freertos.c.obj
 .ARM.attributes
                0x00000000000003ad       0x39 CMakeFiles/PWM_Capture_f407.elf.dir/Src/gpio.c.obj
 .ARM.attributes
                0x00000000000003e6       0x39 CMakeFiles/PWM_Capture_f407.elf.dir/Src/main.c.obj
 .ARM.attributes
                0x000000000000041f       0x39 CMakeFiles/PWM_Capture_f407.elf.dir/Src/stm32f4xx_hal_msp.c.obj
 .ARM.attributes
                0x0000000000000458       0x39 CMakeFiles/PWM_Capture_f407.elf.dir/Src/stm32f4xx_hal_timebase_tim.c.obj
 .ARM.attributes
                0x0000000000000491       0x39 CMakeFiles/PWM_Capture_f407.elf.dir/Src/stm32f4xx_it.c.obj
 .ARM.attributes
                0x00000000000004ca       0x39 CMakeFiles/PWM_Capture_f407.elf.dir/Src/system_stm32f4xx.c.obj
 .ARM.attributes
                0x0000000000000503       0x39 CMakeFiles/PWM_Capture_f407.elf.dir/Src/tim.c.obj
 .ARM.attributes
                0x000000000000053c       0x39 CMakeFiles/PWM_Capture_f407.elf.dir/Src/usart.c.obj
 .ARM.attributes
                0x0000000000000575       0x21 CMakeFiles/PWM_Capture_f407.elf.dir/Startup/startup_stm32f407ighx.s.obj
 .ARM.attributes
                0x0000000000000596       0x39 CMakeFiles/PWM_Capture_f407.elf.dir/application/capture_task.cpp.obj
 .ARM.attributes
                0x00000000000005cf       0x22 /home/szy/gcc-arm-none-eabi-7-2017-q4-major/bin/../lib/gcc/arm-none-eabi/7.2.1/thumb/v7e-m/fpv4-sp/hard/libgcc.a(_arm_addsubdf3.o)
 .ARM.attributes
                0x00000000000005f1       0x22 /home/szy/gcc-arm-none-eabi-7-2017-q4-major/bin/../lib/gcc/arm-none-eabi/7.2.1/thumb/v7e-m/fpv4-sp/hard/libgcc.a(_arm_muldivdf3.o)
 .ARM.attributes
                0x0000000000000613       0x22 /home/szy/gcc-arm-none-eabi-7-2017-q4-major/bin/../lib/gcc/arm-none-eabi/7.2.1/thumb/v7e-m/fpv4-sp/hard/libgcc.a(_arm_truncdfsf2.o)
 .ARM.attributes
                0x0000000000000635       0x22 /home/szy/gcc-arm-none-eabi-7-2017-q4-major/bin/../lib/gcc/arm-none-eabi/7.2.1/thumb/v7e-m/fpv4-sp/hard/libgcc.a(_aeabi_uldivmod.o)
 .ARM.attributes
                0x0000000000000657       0x34 /home/szy/gcc-arm-none-eabi-7-2017-q4-major/bin/../lib/gcc/arm-none-eabi/7.2.1/thumb/v7e-m/fpv4-sp/hard/libgcc.a(_udivmoddi4.o)
 .ARM.attributes
                0x000000000000068b       0x22 /home/szy/gcc-arm-none-eabi-7-2017-q4-major/bin/../lib/gcc/arm-none-eabi/7.2.1/thumb/v7e-m/fpv4-sp/hard/libgcc.a(_dvmd_tls.o)
 .ARM.attributes
                0x00000000000006ad       0x34 /home/szy/gcc-arm-none-eabi-7-2017-q4-major/bin/../lib/gcc/arm-none-eabi/7.2.1/../../../../arm-none-eabi/lib/thumb/v7e-m/fpv4-sp/hard/libg.a(lib_a-impure.o)
 .ARM.attributes
                0x00000000000006e1       0x34 /home/szy/gcc-arm-none-eabi-7-2017-q4-major/bin/../lib/gcc/arm-none-eabi/7.2.1/../../../../arm-none-eabi/lib/thumb/v7e-m/fpv4-sp/hard/libg.a(lib_a-init.o)
 .ARM.attributes
                0x0000000000000715       0x34 /home/szy/gcc-arm-none-eabi-7-2017-q4-major/bin/../lib/gcc/arm-none-eabi/7.2.1/../../../../arm-none-eabi/lib/thumb/v7e-m/fpv4-sp/hard/libg.a(lib_a-memset.o)
 .ARM.attributes
                0x0000000000000749       0x34 /home/szy/gcc-arm-none-eabi-7-2017-q4-major/bin/../lib/gcc/arm-none-eabi/7.2.1/../../../../arm-none-eabi/lib/thumb/v7e-m/fpv4-sp/hard/libg.a(lib_a-__call_atexit.o)
 .ARM.attributes
                0x000000000000077d       0x34 /home/szy/gcc-arm-none-eabi-7-2017-q4-major/bin/../lib/gcc/arm-none-eabi/7.2.1/../../../../arm-none-eabi/lib/thumb/v7e-m/fpv4-sp/hard/libg.a(lib_a-atexit.o)
 .ARM.attributes
                0x00000000000007b1       0x34 /home/szy/gcc-arm-none-eabi-7-2017-q4-major/bin/../lib/gcc/arm-none-eabi/7.2.1/../../../../arm-none-eabi/lib/thumb/v7e-m/fpv4-sp/hard/libg.a(lib_a-fini.o)
 .ARM.attributes
                0x00000000000007e5       0x34 /home/szy/gcc-arm-none-eabi-7-2017-q4-major/bin/../lib/gcc/arm-none-eabi/7.2.1/../../../../arm-none-eabi/lib/thumb/v7e-m/fpv4-sp/hard/libg.a(lib_a-lock.o)
 .ARM.attributes
                0x0000000000000819       0x34 /home/szy/gcc-arm-none-eabi-7-2017-q4-major/bin/../lib/gcc/arm-none-eabi/7.2.1/../../../../arm-none-eabi/lib/thumb/v7e-m/fpv4-sp/hard/libg.a(lib_a-__atexit.o)
 .ARM.attributes
                0x000000000000084d       0x22 /home/szy/gcc-arm-none-eabi-7-2017-q4-major/bin/../lib/gcc/arm-none-eabi/7.2.1/thumb/v7e-m/fpv4-sp/hard/crtn.o
OUTPUT(PWM_Capture_f407.elf elf32-littlearm)

.debug_info     0x0000000000000000    0x19e86
 .debug_info    0x0000000000000000      0x9ed CMakeFiles/PWM_Capture_f407.elf.dir/Drivers/STM32F4xx_HAL_Driver/Src/stm32f4xx_hal.c.obj
 .debug_info    0x00000000000009ed      0xf88 CMakeFiles/PWM_Capture_f407.elf.dir/Drivers/STM32F4xx_HAL_Driver/Src/stm32f4xx_hal_cortex.c.obj
 .debug_info    0x0000000000001975      0xaa9 CMakeFiles/PWM_Capture_f407.elf.dir/Drivers/STM32F4xx_HAL_Driver/Src/stm32f4xx_hal_dma.c.obj
 .debug_info    0x000000000000241e      0x7cc CMakeFiles/PWM_Capture_f407.elf.dir/Drivers/STM32F4xx_HAL_Driver/Src/stm32f4xx_hal_gpio.c.obj
 .debug_info    0x0000000000002bea      0xa90 CMakeFiles/PWM_Capture_f407.elf.dir/Drivers/STM32F4xx_HAL_Driver/Src/stm32f4xx_hal_rcc.c.obj
 .debug_info    0x000000000000367a     0x3739 CMakeFiles/PWM_Capture_f407.elf.dir/Drivers/STM32F4xx_HAL_Driver/Src/stm32f4xx_hal_tim.c.obj
 .debug_info    0x0000000000006db3     0x1873 CMakeFiles/PWM_Capture_f407.elf.dir/Drivers/STM32F4xx_HAL_Driver/Src/stm32f4xx_hal_tim_ex.c.obj
 .debug_info    0x0000000000008626     0x3926 CMakeFiles/PWM_Capture_f407.elf.dir/Drivers/STM32F4xx_HAL_Driver/Src/stm32f4xx_hal_uart.c.obj
 .debug_info    0x000000000000bf4c     0x2741 CMakeFiles/PWM_Capture_f407.elf.dir/Middlewares/Third_Party/FreeRTOS/Source/CMSIS_RTOS/cmsis_os.c.obj
 .debug_info    0x000000000000e68d      0xad4 CMakeFiles/PWM_Capture_f407.elf.dir/Middlewares/Third_Party/FreeRTOS/Source/list.c.obj
 .debug_info    0x000000000000f161      0x56b CMakeFiles/PWM_Capture_f407.elf.dir/Middlewares/Third_Party/FreeRTOS/Source/portable/GCC/ARM_CM4F/port.c.obj
 .debug_info    0x000000000000f6cc      0xdad CMakeFiles/PWM_Capture_f407.elf.dir/Middlewares/Third_Party/FreeRTOS/Source/portable/MemMang/heap_4.c.obj
 .debug_info    0x0000000000010479     0x2e2e CMakeFiles/PWM_Capture_f407.elf.dir/Middlewares/Third_Party/FreeRTOS/Source/tasks.c.obj
 .debug_info    0x00000000000132a7      0x5b4 CMakeFiles/PWM_Capture_f407.elf.dir/Src/dma.c.obj
 .debug_info    0x000000000001385b      0x55f CMakeFiles/PWM_Capture_f407.elf.dir/Src/freertos.c.obj
 .debug_info    0x0000000000013dba      0x519 CMakeFiles/PWM_Capture_f407.elf.dir/Src/gpio.c.obj
 .debug_info    0x00000000000142d3      0xe3a CMakeFiles/PWM_Capture_f407.elf.dir/Src/main.c.obj
 .debug_info    0x000000000001510d      0x5b0 CMakeFiles/PWM_Capture_f407.elf.dir/Src/stm32f4xx_hal_msp.c.obj
 .debug_info    0x00000000000156bd      0xc9d CMakeFiles/PWM_Capture_f407.elf.dir/Src/stm32f4xx_hal_timebase_tim.c.obj
 .debug_info    0x000000000001635a      0xa89 CMakeFiles/PWM_Capture_f407.elf.dir/Src/stm32f4xx_it.c.obj
 .debug_info    0x0000000000016de3      0x555 CMakeFiles/PWM_Capture_f407.elf.dir/Src/system_stm32f4xx.c.obj
 .debug_info    0x0000000000017338     0x10aa CMakeFiles/PWM_Capture_f407.elf.dir/Src/tim.c.obj
 .debug_info    0x00000000000183e2      0xd28 CMakeFiles/PWM_Capture_f407.elf.dir/Src/usart.c.obj
 .debug_info    0x000000000001910a       0x22 CMakeFiles/PWM_Capture_f407.elf.dir/Startup/startup_stm32f407ighx.s.obj
 .debug_info    0x000000000001912c      0xd5a CMakeFiles/PWM_Capture_f407.elf.dir/application/capture_task.cpp.obj

.debug_abbrev   0x0000000000000000     0x3402
 .debug_abbrev  0x0000000000000000      0x1ea CMakeFiles/PWM_Capture_f407.elf.dir/Drivers/STM32F4xx_HAL_Driver/Src/stm32f4xx_hal.c.obj
 .debug_abbrev  0x00000000000001ea      0x325 CMakeFiles/PWM_Capture_f407.elf.dir/Drivers/STM32F4xx_HAL_Driver/Src/stm32f4xx_hal_cortex.c.obj
 .debug_abbrev  0x000000000000050f      0x28d CMakeFiles/PWM_Capture_f407.elf.dir/Drivers/STM32F4xx_HAL_Driver/Src/stm32f4xx_hal_dma.c.obj
 .debug_abbrev  0x000000000000079c      0x1e4 CMakeFiles/PWM_Capture_f407.elf.dir/Drivers/STM32F4xx_HAL_Driver/Src/stm32f4xx_hal_gpio.c.obj
 .debug_abbrev  0x0000000000000980      0x270 CMakeFiles/PWM_Capture_f407.elf.dir/Drivers/STM32F4xx_HAL_Driver/Src/stm32f4xx_hal_rcc.c.obj
 .debug_abbrev  0x0000000000000bf0      0x232 CMakeFiles/PWM_Capture_f407.elf.dir/Drivers/STM32F4xx_HAL_Driver/Src/stm32f4xx_hal_tim.c.obj
 .debug_abbrev  0x0000000000000e22      0x252 CMakeFiles/PWM_Capture_f407.elf.dir/Drivers/STM32F4xx_HAL_Driver/Src/stm32f4xx_hal_tim_ex.c.obj
 .debug_abbrev  0x0000000000001074      0x303 CMakeFiles/PWM_Capture_f407.elf.dir/Drivers/STM32F4xx_HAL_Driver/Src/stm32f4xx_hal_uart.c.obj
 .debug_abbrev  0x0000000000001377      0x3c0 CMakeFiles/PWM_Capture_f407.elf.dir/Middlewares/Third_Party/FreeRTOS/Source/CMSIS_RTOS/cmsis_os.c.obj
 .debug_abbrev  0x0000000000001737      0x220 CMakeFiles/PWM_Capture_f407.elf.dir/Middlewares/Third_Party/FreeRTOS/Source/list.c.obj
 .debug_abbrev  0x0000000000001957      0x23a CMakeFiles/PWM_Capture_f407.elf.dir/Middlewares/Third_Party/FreeRTOS/Source/portable/GCC/ARM_CM4F/port.c.obj
 .debug_abbrev  0x0000000000001b91      0x326 CMakeFiles/PWM_Capture_f407.elf.dir/Middlewares/Third_Party/FreeRTOS/Source/portable/MemMang/heap_4.c.obj
 .debug_abbrev  0x0000000000001eb7      0x3ae CMakeFiles/PWM_Capture_f407.elf.dir/Middlewares/Third_Party/FreeRTOS/Source/tasks.c.obj
 .debug_abbrev  0x0000000000002265      0x13d CMakeFiles/PWM_Capture_f407.elf.dir/Src/dma.c.obj
 .debug_abbrev  0x00000000000023a2      0x182 CMakeFiles/PWM_Capture_f407.elf.dir/Src/freertos.c.obj
 .debug_abbrev  0x0000000000002524      0x15f CMakeFiles/PWM_Capture_f407.elf.dir/Src/gpio.c.obj
 .debug_abbrev  0x0000000000002683      0x20c CMakeFiles/PWM_Capture_f407.elf.dir/Src/main.c.obj
 .debug_abbrev  0x000000000000288f      0x130 CMakeFiles/PWM_Capture_f407.elf.dir/Src/stm32f4xx_hal_msp.c.obj
 .debug_abbrev  0x00000000000029bf      0x1ed CMakeFiles/PWM_Capture_f407.elf.dir/Src/stm32f4xx_hal_timebase_tim.c.obj
 .debug_abbrev  0x0000000000002bac      0x175 CMakeFiles/PWM_Capture_f407.elf.dir/Src/stm32f4xx_it.c.obj
 .debug_abbrev  0x0000000000002d21      0x128 CMakeFiles/PWM_Capture_f407.elf.dir/Src/system_stm32f4xx.c.obj
 .debug_abbrev  0x0000000000002e49      0x1e0 CMakeFiles/PWM_Capture_f407.elf.dir/Src/tim.c.obj
 .debug_abbrev  0x0000000000003029      0x1e0 CMakeFiles/PWM_Capture_f407.elf.dir/Src/usart.c.obj
 .debug_abbrev  0x0000000000003209       0x12 CMakeFiles/PWM_Capture_f407.elf.dir/Startup/startup_stm32f407ighx.s.obj
 .debug_abbrev  0x000000000000321b      0x1e7 CMakeFiles/PWM_Capture_f407.elf.dir/application/capture_task.cpp.obj

.debug_loc      0x0000000000000000     0xe2ba
 .debug_loc     0x0000000000000000      0x11b CMakeFiles/PWM_Capture_f407.elf.dir/Drivers/STM32F4xx_HAL_Driver/Src/stm32f4xx_hal.c.obj
 .debug_loc     0x000000000000011b      0x5ce CMakeFiles/PWM_Capture_f407.elf.dir/Drivers/STM32F4xx_HAL_Driver/Src/stm32f4xx_hal_cortex.c.obj
 .debug_loc     0x00000000000006e9      0xb4e CMakeFiles/PWM_Capture_f407.elf.dir/Drivers/STM32F4xx_HAL_Driver/Src/stm32f4xx_hal_dma.c.obj
 .debug_loc     0x0000000000001237      0x475 CMakeFiles/PWM_Capture_f407.elf.dir/Drivers/STM32F4xx_HAL_Driver/Src/stm32f4xx_hal_gpio.c.obj
 .debug_loc     0x00000000000016ac      0x40f CMakeFiles/PWM_Capture_f407.elf.dir/Drivers/STM32F4xx_HAL_Driver/Src/stm32f4xx_hal_rcc.c.obj
 .debug_loc     0x0000000000001abb     0x4a84 CMakeFiles/PWM_Capture_f407.elf.dir/Drivers/STM32F4xx_HAL_Driver/Src/stm32f4xx_hal_tim.c.obj
 .debug_loc     0x000000000000653f     0x1a83 CMakeFiles/PWM_Capture_f407.elf.dir/Drivers/STM32F4xx_HAL_Driver/Src/stm32f4xx_hal_tim_ex.c.obj
 .debug_loc     0x0000000000007fc2     0x335b CMakeFiles/PWM_Capture_f407.elf.dir/Drivers/STM32F4xx_HAL_Driver/Src/stm32f4xx_hal_uart.c.obj
 .debug_loc     0x000000000000b31d      0xf6b CMakeFiles/PWM_Capture_f407.elf.dir/Middlewares/Third_Party/FreeRTOS/Source/CMSIS_RTOS/cmsis_os.c.obj
 .debug_loc     0x000000000000c288       0x70 CMakeFiles/PWM_Capture_f407.elf.dir/Middlewares/Third_Party/FreeRTOS/Source/list.c.obj
 .debug_loc     0x000000000000c2f8       0xdc CMakeFiles/PWM_Capture_f407.elf.dir/Middlewares/Third_Party/FreeRTOS/Source/portable/GCC/ARM_CM4F/port.c.obj
 .debug_loc     0x000000000000c3d4      0x383 CMakeFiles/PWM_Capture_f407.elf.dir/Middlewares/Third_Party/FreeRTOS/Source/portable/MemMang/heap_4.c.obj
 .debug_loc     0x000000000000c757     0x17d3 CMakeFiles/PWM_Capture_f407.elf.dir/Middlewares/Third_Party/FreeRTOS/Source/tasks.c.obj
 .debug_loc     0x000000000000df2a       0x42 CMakeFiles/PWM_Capture_f407.elf.dir/Src/freertos.c.obj
 .debug_loc     0x000000000000df6c       0x3a CMakeFiles/PWM_Capture_f407.elf.dir/Src/main.c.obj
 .debug_loc     0x000000000000dfa6       0x6a CMakeFiles/PWM_Capture_f407.elf.dir/Src/stm32f4xx_hal_timebase_tim.c.obj
 .debug_loc     0x000000000000e010      0x13e CMakeFiles/PWM_Capture_f407.elf.dir/Src/system_stm32f4xx.c.obj
 .debug_loc     0x000000000000e14e       0x74 CMakeFiles/PWM_Capture_f407.elf.dir/Src/tim.c.obj
 .debug_loc     0x000000000000e1c2       0x63 CMakeFiles/PWM_Capture_f407.elf.dir/Src/usart.c.obj
 .debug_loc     0x000000000000e225       0x95 CMakeFiles/PWM_Capture_f407.elf.dir/application/capture_task.cpp.obj

.debug_aranges  0x0000000000000000     0x1148
 .debug_aranges
                0x0000000000000000       0xf0 CMakeFiles/PWM_Capture_f407.elf.dir/Drivers/STM32F4xx_HAL_Driver/Src/stm32f4xx_hal.c.obj
 .debug_aranges
                0x00000000000000f0       0xa8 CMakeFiles/PWM_Capture_f407.elf.dir/Drivers/STM32F4xx_HAL_Driver/Src/stm32f4xx_hal_cortex.c.obj
 .debug_aranges
                0x0000000000000198       0x90 CMakeFiles/PWM_Capture_f407.elf.dir/Drivers/STM32F4xx_HAL_Driver/Src/stm32f4xx_hal_dma.c.obj
 .debug_aranges
                0x0000000000000228       0x58 CMakeFiles/PWM_Capture_f407.elf.dir/Drivers/STM32F4xx_HAL_Driver/Src/stm32f4xx_hal_gpio.c.obj
 .debug_aranges
                0x0000000000000280       0x88 CMakeFiles/PWM_Capture_f407.elf.dir/Drivers/STM32F4xx_HAL_Driver/Src/stm32f4xx_hal_rcc.c.obj
 .debug_aranges
                0x0000000000000308      0x3d0 CMakeFiles/PWM_Capture_f407.elf.dir/Drivers/STM32F4xx_HAL_Driver/Src/stm32f4xx_hal_tim.c.obj
 .debug_aranges
                0x00000000000006d8      0x168 CMakeFiles/PWM_Capture_f407.elf.dir/Drivers/STM32F4xx_HAL_Driver/Src/stm32f4xx_hal_tim_ex.c.obj
 .debug_aranges
                0x0000000000000840      0x200 CMakeFiles/PWM_Capture_f407.elf.dir/Drivers/STM32F4xx_HAL_Driver/Src/stm32f4xx_hal_uart.c.obj
 .debug_aranges
                0x0000000000000a40      0x1d8 CMakeFiles/PWM_Capture_f407.elf.dir/Middlewares/Third_Party/FreeRTOS/Source/CMSIS_RTOS/cmsis_os.c.obj
 .debug_aranges
                0x0000000000000c18       0x40 CMakeFiles/PWM_Capture_f407.elf.dir/Middlewares/Third_Party/FreeRTOS/Source/list.c.obj
 .debug_aranges
                0x0000000000000c58       0x80 CMakeFiles/PWM_Capture_f407.elf.dir/Middlewares/Third_Party/FreeRTOS/Source/portable/GCC/ARM_CM4F/port.c.obj
 .debug_aranges
                0x0000000000000cd8       0x58 CMakeFiles/PWM_Capture_f407.elf.dir/Middlewares/Third_Party/FreeRTOS/Source/portable/MemMang/heap_4.c.obj
 .debug_aranges
                0x0000000000000d30      0x1b8 CMakeFiles/PWM_Capture_f407.elf.dir/Middlewares/Third_Party/FreeRTOS/Source/tasks.c.obj
 .debug_aranges
                0x0000000000000ee8       0x20 CMakeFiles/PWM_Capture_f407.elf.dir/Src/dma.c.obj
 .debug_aranges
                0x0000000000000f08       0x38 CMakeFiles/PWM_Capture_f407.elf.dir/Src/freertos.c.obj
 .debug_aranges
                0x0000000000000f40       0x20 CMakeFiles/PWM_Capture_f407.elf.dir/Src/gpio.c.obj
 .debug_aranges
                0x0000000000000f60       0x38 CMakeFiles/PWM_Capture_f407.elf.dir/Src/main.c.obj
 .debug_aranges
                0x0000000000000f98       0x20 CMakeFiles/PWM_Capture_f407.elf.dir/Src/stm32f4xx_hal_msp.c.obj
 .debug_aranges
                0x0000000000000fb8       0x30 CMakeFiles/PWM_Capture_f407.elf.dir/Src/stm32f4xx_hal_timebase_tim.c.obj
 .debug_aranges
                0x0000000000000fe8       0x80 CMakeFiles/PWM_Capture_f407.elf.dir/Src/stm32f4xx_it.c.obj
 .debug_aranges
                0x0000000000001068       0x28 CMakeFiles/PWM_Capture_f407.elf.dir/Src/system_stm32f4xx.c.obj
 .debug_aranges
                0x0000000000001090       0x30 CMakeFiles/PWM_Capture_f407.elf.dir/Src/tim.c.obj
 .debug_aranges
                0x00000000000010c0       0x30 CMakeFiles/PWM_Capture_f407.elf.dir/Src/usart.c.obj
 .debug_aranges
                0x00000000000010f0       0x28 CMakeFiles/PWM_Capture_f407.elf.dir/Startup/startup_stm32f407ighx.s.obj
 .debug_aranges
                0x0000000000001118       0x30 CMakeFiles/PWM_Capture_f407.elf.dir/application/capture_task.cpp.obj

.debug_ranges   0x0000000000000000     0x10e0
 .debug_ranges  0x0000000000000000       0xe0 CMakeFiles/PWM_Capture_f407.elf.dir/Drivers/STM32F4xx_HAL_Driver/Src/stm32f4xx_hal.c.obj
 .debug_ranges  0x00000000000000e0       0xf8 CMakeFiles/PWM_Capture_f407.elf.dir/Drivers/STM32F4xx_HAL_Driver/Src/stm32f4xx_hal_cortex.c.obj
 .debug_ranges  0x00000000000001d8       0x80 CMakeFiles/PWM_Capture_f407.elf.dir/Drivers/STM32F4xx_HAL_Driver/Src/stm32f4xx_hal_dma.c.obj
 .debug_ranges  0x0000000000000258       0x48 CMakeFiles/PWM_Capture_f407.elf.dir/Drivers/STM32F4xx_HAL_Driver/Src/stm32f4xx_hal_gpio.c.obj
 .debug_ranges  0x00000000000002a0       0x90 CMakeFiles/PWM_Capture_f407.elf.dir/Drivers/STM32F4xx_HAL_Driver/Src/stm32f4xx_hal_rcc.c.obj
 .debug_ranges  0x0000000000000330      0x3c0 CMakeFiles/PWM_Capture_f407.elf.dir/Drivers/STM32F4xx_HAL_Driver/Src/stm32f4xx_hal_tim.c.obj
 .debug_ranges  0x00000000000006f0      0x158 CMakeFiles/PWM_Capture_f407.elf.dir/Drivers/STM32F4xx_HAL_Driver/Src/stm32f4xx_hal_tim_ex.c.obj
 .debug_ranges  0x0000000000000848      0x208 CMakeFiles/PWM_Capture_f407.elf.dir/Drivers/STM32F4xx_HAL_Driver/Src/stm32f4xx_hal_uart.c.obj
 .debug_ranges  0x0000000000000a50      0x1c8 CMakeFiles/PWM_Capture_f407.elf.dir/Middlewares/Third_Party/FreeRTOS/Source/CMSIS_RTOS/cmsis_os.c.obj
 .debug_ranges  0x0000000000000c18       0x30 CMakeFiles/PWM_Capture_f407.elf.dir/Middlewares/Third_Party/FreeRTOS/Source/list.c.obj
 .debug_ranges  0x0000000000000c48       0x70 CMakeFiles/PWM_Capture_f407.elf.dir/Middlewares/Third_Party/FreeRTOS/Source/portable/GCC/ARM_CM4F/port.c.obj
 .debug_ranges  0x0000000000000cb8       0x48 CMakeFiles/PWM_Capture_f407.elf.dir/Middlewares/Third_Party/FreeRTOS/Source/portable/MemMang/heap_4.c.obj
 .debug_ranges  0x0000000000000d00      0x238 CMakeFiles/PWM_Capture_f407.elf.dir/Middlewares/Third_Party/FreeRTOS/Source/tasks.c.obj
 .debug_ranges  0x0000000000000f38       0x10 CMakeFiles/PWM_Capture_f407.elf.dir/Src/dma.c.obj
 .debug_ranges  0x0000000000000f48       0x28 CMakeFiles/PWM_Capture_f407.elf.dir/Src/freertos.c.obj
 .debug_ranges  0x0000000000000f70       0x10 CMakeFiles/PWM_Capture_f407.elf.dir/Src/gpio.c.obj
 .debug_ranges  0x0000000000000f80       0x28 CMakeFiles/PWM_Capture_f407.elf.dir/Src/main.c.obj
 .debug_ranges  0x0000000000000fa8       0x10 CMakeFiles/PWM_Capture_f407.elf.dir/Src/stm32f4xx_hal_msp.c.obj